Archive member included to satisfy reference by file (symbol)

c:/program files (x86)/atollic/truestudio for stm32 9.0.0/armtools/bin/../lib/gcc/arm-atollic-eabi/6.3.1/../../../../arm-atollic-eabi/lib/armv7e-m/fpu\libc_nano.a(lib_a-init.o)
                              src\startup_stm32f411xe.o (__libc_init_array)
c:/program files (x86)/atollic/truestudio for stm32 9.0.0/armtools/bin/../lib/gcc/arm-atollic-eabi/6.3.1/../../../../arm-atollic-eabi/lib/armv7e-m/fpu\libc_nano.a(lib_a-strlen.o)
                              src\tiny_printf.o (strlen)
c:/program files (x86)/atollic/truestudio for stm32 9.0.0/armtools/bin/../lib/gcc/arm-atollic-eabi/6.3.1/../../../../arm-atollic-eabi/lib/armv7e-m/fpu\libnosys.a(write.o)
                              src\tiny_printf.o (_write)
c:/program files (x86)/atollic/truestudio for stm32 9.0.0/armtools/bin/../lib/gcc/arm-atollic-eabi/6.3.1/../../../../arm-atollic-eabi/lib/armv7e-m/fpu\libnosys.a(errno.o)
                              c:/program files (x86)/atollic/truestudio for stm32 9.0.0/armtools/bin/../lib/gcc/arm-atollic-eabi/6.3.1/../../../../arm-atollic-eabi/lib/armv7e-m/fpu\libnosys.a(write.o) (errno)

Allocating common symbols
Common symbol       size              file

errno               0x4               c:/program files (x86)/atollic/truestudio for stm32 9.0.0/armtools/bin/../lib/gcc/arm-atollic-eabi/6.3.1/../../../../arm-atollic-eabi/lib/armv7e-m/fpu\libnosys.a(errno.o)
RCC_Clocks          0x10              src\main.o

Discarded input sections

 .text          0x00000000        0x0 c:/program files (x86)/atollic/truestudio for stm32 9.0.0/armtools/bin/../lib/gcc/arm-atollic-eabi/6.3.1/armv7e-m/fpu/crti.o
 .data          0x00000000        0x0 c:/program files (x86)/atollic/truestudio for stm32 9.0.0/armtools/bin/../lib/gcc/arm-atollic-eabi/6.3.1/armv7e-m/fpu/crti.o
 .bss           0x00000000        0x0 c:/program files (x86)/atollic/truestudio for stm32 9.0.0/armtools/bin/../lib/gcc/arm-atollic-eabi/6.3.1/armv7e-m/fpu/crti.o
 .data          0x00000000        0x4 c:/program files (x86)/atollic/truestudio for stm32 9.0.0/armtools/bin/../lib/gcc/arm-atollic-eabi/6.3.1/armv7e-m/fpu/crtbegin.o
 .text          0x00000000        0x0 Drivers\STM32F4xx_StdPeriph_Driver\src\misc.o
 .data          0x00000000        0x0 Drivers\STM32F4xx_StdPeriph_Driver\src\misc.o
 .bss           0x00000000        0x0 Drivers\STM32F4xx_StdPeriph_Driver\src\misc.o
 .text.NVIC_PriorityGroupConfig
                0x00000000       0x28 Drivers\STM32F4xx_StdPeriph_Driver\src\misc.o
 .text.NVIC_Init
                0x00000000       0xc4 Drivers\STM32F4xx_StdPeriph_Driver\src\misc.o
 .text.NVIC_SetVectorTable
                0x00000000       0x2c Drivers\STM32F4xx_StdPeriph_Driver\src\misc.o
 .text.NVIC_SystemLPConfig
                0x00000000       0x44 Drivers\STM32F4xx_StdPeriph_Driver\src\misc.o
 .text.SysTick_CLKSourceConfig
                0x00000000       0x38 Drivers\STM32F4xx_StdPeriph_Driver\src\misc.o
 .debug_info    0x00000000      0x54d Drivers\STM32F4xx_StdPeriph_Driver\src\misc.o
 .debug_abbrev  0x00000000      0x172 Drivers\STM32F4xx_StdPeriph_Driver\src\misc.o
 .debug_aranges
                0x00000000       0x40 Drivers\STM32F4xx_StdPeriph_Driver\src\misc.o
 .debug_ranges  0x00000000       0x30 Drivers\STM32F4xx_StdPeriph_Driver\src\misc.o
 .debug_line    0x00000000      0x28f Drivers\STM32F4xx_StdPeriph_Driver\src\misc.o
 .debug_str     0x00000000      0x45f Drivers\STM32F4xx_StdPeriph_Driver\src\misc.o
 .comment       0x00000000       0x7d Drivers\STM32F4xx_StdPeriph_Driver\src\misc.o
 .debug_frame   0x00000000       0xd8 Drivers\STM32F4xx_StdPeriph_Driver\src\misc.o
 .ARM.attributes
                0x00000000       0x39 Drivers\STM32F4xx_StdPeriph_Driver\src\misc.o
 .text          0x00000000        0x0 Drivers\STM32F4xx_StdPeriph_Driver\src\stm32f4xx_adc.o
 .data          0x00000000        0x0 Drivers\STM32F4xx_StdPeriph_Driver\src\stm32f4xx_adc.o
 .bss           0x00000000        0x0 Drivers\STM32F4xx_StdPeriph_Driver\src\stm32f4xx_adc.o
 .text.ADC_DeInit
                0x00000000       0x1c Drivers\STM32F4xx_StdPeriph_Driver\src\stm32f4xx_adc.o
 .text.ADC_Init
                0x00000000       0xac Drivers\STM32F4xx_StdPeriph_Driver\src\stm32f4xx_adc.o
 .text.ADC_StructInit
                0x00000000       0x3e Drivers\STM32F4xx_StdPeriph_Driver\src\stm32f4xx_adc.o
 .text.ADC_CommonInit
                0x00000000       0x50 Drivers\STM32F4xx_StdPeriph_Driver\src\stm32f4xx_adc.o
 .text.ADC_CommonStructInit
                0x00000000       0x2c Drivers\STM32F4xx_StdPeriph_Driver\src\stm32f4xx_adc.o
 .text.ADC_Cmd  0x00000000       0x38 Drivers\STM32F4xx_StdPeriph_Driver\src\stm32f4xx_adc.o
 .text.ADC_AnalogWatchdogCmd
                0x00000000       0x3a Drivers\STM32F4xx_StdPeriph_Driver\src\stm32f4xx_adc.o
 .text.ADC_AnalogWatchdogThresholdsConfig
                0x00000000       0x28 Drivers\STM32F4xx_StdPeriph_Driver\src\stm32f4xx_adc.o
[...]
Memory Configuration

Name             Origin             Length             Attributes
FLASH            0x08000000         0x00080000         xr
RAM              0x20000000         0x00020000         xrw
MEMORY_B1        0x60000000         0x00000000         xr
*default*        0x00000000         0xffffffff

Linker script and memory map

LOAD c:/program files (x86)/atollic/truestudio for stm32 9.0.0/armtools/bin/../lib/gcc/arm-atollic-eabi/6.3.1/armv7e-m/fpu/crti.o
LOAD c:/program files (x86)/atollic/truestudio for stm32 9.0.0/armtools/bin/../lib/gcc/arm-atollic-eabi/6.3.1/armv7e-m/fpu/crtbegin.o
LOAD Drivers\STM32F4xx_StdPeriph_Driver\src\misc.o
LOAD Drivers\STM32F4xx_StdPeriph_Driver\src\stm32f4xx_adc.o
LOAD Drivers\STM32F4xx_StdPeriph_Driver\src\stm32f4xx_can.o
LOAD Drivers\STM32F4xx_StdPeriph_Driver\src\stm32f4xx_crc.o
LOAD Drivers\STM32F4xx_StdPeriph_Driver\src\stm32f4xx_cryp.o
LOAD Drivers\STM32F4xx_StdPeriph_Driver\src\stm32f4xx_cryp_aes.o
LOAD Drivers\STM32F4xx_StdPeriph_Driver\src\stm32f4xx_cryp_des.o
LOAD Drivers\STM32F4xx_StdPeriph_Driver\src\stm32f4xx_cryp_tdes.o
LOAD Drivers\STM32F4xx_StdPeriph_Driver\src\stm32f4xx_dac.o
LOAD Drivers\STM32F4xx_StdPeriph_Driver\src\stm32f4xx_dbgmcu.o
LOAD Drivers\STM32F4xx_StdPeriph_Driver\src\stm32f4xx_dcmi.o
LOAD Drivers\STM32F4xx_StdPeriph_Driver\src\stm32f4xx_dfsdm.o
LOAD Drivers\STM32F4xx_StdPeriph_Driver\src\stm32f4xx_dma.o
LOAD Drivers\STM32F4xx_StdPeriph_Driver\src\stm32f4xx_dma2d.o
LOAD Drivers\STM32F4xx_StdPeriph_Driver\src\stm32f4xx_exti.o
LOAD Drivers\STM32F4xx_StdPeriph_Driver\src\stm32f4xx_flash.o
LOAD Drivers\STM32F4xx_StdPeriph_Driver\src\stm32f4xx_flash_ramfunc.o
LOAD Drivers\STM32F4xx_StdPeriph_Driver\src\stm32f4xx_fmpi2c.o
LOAD Drivers\STM32F4xx_StdPeriph_Driver\src\stm32f4xx_gpio.o
LOAD Drivers\STM32F4xx_StdPeriph_Driver\src\stm32f4xx_hash.o
LOAD Drivers\STM32F4xx_StdPeriph_Driver\src\stm32f4xx_hash_md5.o
LOAD Drivers\STM32F4xx_StdPeriph_Driver\src\stm32f4xx_hash_sha1.o
LOAD Drivers\STM32F4xx_StdPeriph_Driver\src\stm32f4xx_i2c.o
LOAD Drivers\STM32F4xx_StdPeriph_Driver\src\stm32f4xx_iwdg.o
LOAD Drivers\STM32F4xx_StdPeriph_Driver\src\stm32f4xx_lptim.o
LOAD Drivers\STM32F4xx_StdPeriph_Driver\src\stm32f4xx_ltdc.o
LOAD Drivers\STM32F4xx_StdPeriph_Driver\src\stm32f4xx_pwr.o
LOAD Drivers\STM32F4xx_StdPeriph_Driver\src\stm32f4xx_rcc.o
LOAD Drivers\STM32F4xx_StdPeriph_Driver\src\stm32f4xx_rng.o
LOAD Drivers\STM32F4xx_StdPeriph_Driver\src\stm32f4xx_rtc.o
LOAD Drivers\STM32F4xx_StdPeriph_Driver\src\stm32f4xx_sai.o
LOAD Drivers\STM32F4xx_StdPeriph_Driver\src\stm32f4xx_sdio.o
LOAD Drivers\STM32F4xx_StdPeriph_Driver\src\stm32f4xx_spdifrx.o
LOAD Drivers\STM32F4xx_StdPeriph_Driver\src\stm32f4xx_spi.o
LOAD Drivers\STM32F4xx_StdPeriph_Driver\src\stm32f4xx_syscfg.o
LOAD Drivers\STM32F4xx_StdPeriph_Driver\src\stm32f4xx_tim.o
LOAD Drivers\STM32F4xx_StdPeriph_Driver\src\stm32f4xx_usart.o
LOAD Drivers\STM32F4xx_StdPeriph_Driver\src\stm32f4xx_wwdg.o
LOAD src\main.o
LOAD src\startup_stm32f411xe.o
LOAD src\stm32f4xx_it.o
LOAD src\system_stm32f4xx.o
LOAD src\tiny_printf.o
                0x00000080                malloc_getpagesize_P = 0x80
START GROUP
LOAD c:/program files (x86)/atollic/truestudio for stm32 9.0.0/armtools/bin/../lib/gcc/arm-atollic-eabi/6.3.1/../../../../arm-atollic-eabi/lib/armv7e-m/fpu\libc_nano.a
LOAD c:/program files (x86)/atollic/truestudio for stm32 9.0.0/armtools/bin/../lib/gcc/arm-atollic-eabi/6.3.1/../../../../arm-atollic-eabi/lib/armv7e-m/fpu\libm.a
END GROUP
START GROUP
LOAD c:/program files (x86)/atollic/truestudio for stm32 9.0.0/armtools/bin/../lib/gcc/arm-atollic-eabi/6.3.1/armv7e-m/fpu\libgcc.a
LOAD c:/program files (x86)/atollic/truestudio for stm32 9.0.0/armtools/bin/../lib/gcc/arm-atollic-eabi/6.3.1/../../../../arm-atollic-eabi/lib/armv7e-m/fpu\libc_nano.a
END GROUP
START GROUP
LOAD c:/program files (x86)/atollic/truestudio for stm32 9.0.0/armtools/bin/../lib/gcc/arm-atollic-eabi/6.3.1/armv7e-m/fpu\libgcc.a
LOAD c:/program files (x86)/atollic/truestudio for stm32 9.0.0/armtools/bin/../lib/gcc/arm-atollic-eabi/6.3.1/../../../../arm-atollic-eabi/lib/armv7e-m/fpu\libc_nano.a
LOAD c:/program files (x86)/atollic/truestudio for stm32 9.0.0/armtools/bin/../lib/gcc/arm-atollic-eabi/6.3.1/../../../../arm-atollic-eabi/lib/armv7e-m/fpu\libnosys.a
END GROUP
START GROUP
LOAD c:/program files (x86)/atollic/truestudio for stm32 9.0.0/armtools/bin/../lib/gcc/arm-atollic-eabi/6.3.1/armv7e-m/fpu\libgcc.a
LOAD c:/program files (x86)/atollic/truestudio for stm32 9.0.0/armtools/bin/../lib/gcc/arm-atollic-eabi/6.3.1/../../../../arm-atollic-eabi/lib/armv7e-m/fpu\libc_nano.a
LOAD c:/program files (x86)/atollic/truestudio for stm32 9.0.0/armtools/bin/../lib/gcc/arm-atollic-eabi/6.3.1/../../../../arm-atollic-eabi/lib/armv7e-m/fpu\libnosys.a
END GROUP
LOAD c:/program files (x86)/atollic/truestudio for stm32 9.0.0/armtools/bin/../lib/gcc/arm-atollic-eabi/6.3.1/armv7e-m/fpu/crtend.o
LOAD c:/program files (x86)/atollic/truestudio for stm32 9.0.0/armtools/bin/../lib/gcc/arm-atollic-eabi/6.3.1/armv7e-m/fpu/crtn.o
                0x20020000                _estack = 0x20020000
                0x00000000                _Min_Heap_Size = 0x0
                0x00000400                _Min_Stack_Size = 0x400

.isr_vector     0x08000000      0x198
                0x08000000                . = ALIGN (0x4)
 *(.isr_vector)
 .isr_vector    0x08000000      0x198 src\startup_stm32f411xe.o
                0x08000000                g_pfnVectors
                0x08000198                . = ALIGN (0x4)

.text           0x08000198      0x67c
                0x08000198                . = ALIGN (0x4)
 *(.text)
 .text          0x08000198       0x40 c:/program files (x86)/atollic/truestudio for stm32 9.0.0/armtools/bin/../lib/gcc/arm-atollic-eabi/6.3.1/armv7e-m/fpu/crtbegin.o
 *(.text*)
 .text.GPIO_Init
                0x080001d8      0x11c Drivers\STM32F4xx_StdPeriph_Driver\src\stm32f4xx_gpio.o
                0x080001d8                GPIO_Init
 .text.GPIO_ToggleBits
                0x080002f4       0x24 Drivers\STM32F4xx_StdPeriph_Driver\src\stm32f4xx_gpio.o
                0x080002f4                GPIO_ToggleBits
 .text.RCC_GetClocksFreq
                0x08000318      0x150 Drivers\STM32F4xx_StdPeriph_Driver\src\stm32f4xx_rcc.o
                0x08000318                RCC_GetClocksFreq
 .text.RCC_AHB1PeriphClockCmd
                0x08000468       0x40 Drivers\STM32F4xx_StdPeriph_Driver\src\stm32f4xx_rcc.o
                0x08000468                RCC_AHB1PeriphClockCmd
 .text.NVIC_SetPriority
                0x080004a8       0x54 src\main.o
 .text.SysTick_Config
                0x080004fc       0x44 src\main.o
 .text.main     0x08000540       0x6c src\main.o
                0x08000540                main
 .text.Delay    0x080005ac       0x28 src\main.o
 .text.TimingDelay_Decrement
                0x080005d4       0x24 src\main.o
                0x080005d4                TimingDelay_Decrement
 .text.Reset_Handler
                0x080005f8       0x50 src\startup_stm32f411xe.o
                0x080005f8                Reset_Handler
 .text.Default_Handler
                0x08000648        0x2 src\startup_stm32f411xe.o
                0x08000648                RTC_Alarm_IRQHandler
                0x08000648                EXTI2_IRQHandler
                0x08000648                SPI4_IRQHandler
                0x08000648                TIM1_CC_IRQHandler
                0x08000648                DMA2_Stream5_IRQHandler
                0x08000648                DMA1_Stream5_IRQHandler
                0x08000648                PVD_IRQHandler
                0x08000648                SDIO_IRQHandler
                0x08000648                TAMP_STAMP_IRQHandler
                0x08000648                EXTI3_IRQHandler
                0x08000648                TIM1_UP_TIM10_IRQHandler
                0x08000648                I2C3_ER_IRQHandler
                0x08000648                EXTI0_IRQHandler
                0x08000648                I2C2_EV_IRQHandler
                0x08000648                DMA1_Stream2_IRQHandler
                0x08000648                FPU_IRQHandler
                0x08000648                DMA2_Stream2_IRQHandler
                0x08000648                SPI1_IRQHandler
                0x08000648                TIM1_BRK_TIM9_IRQHandler
                0x08000648                DMA2_Stream3_IRQHandler
                0x08000648                USART6_IRQHandler
                0x08000648                DMA2_Stream0_IRQHandler
                0x08000648                TIM4_IRQHandler
                0x08000648                I2C1_EV_IRQHandler
                0x08000648                DMA1_Stream6_IRQHandler
                0x08000648                DMA1_Stream1_IRQHandler
                0x08000648                TIM3_IRQHandler
                0x08000648                RCC_IRQHandler
                0x08000648                Default_Handler
                0x08000648                EXTI15_10_IRQHandler
                0x08000648                ADC_IRQHandler
                0x08000648                DMA1_Stream7_IRQHandler
                0x08000648                SPI5_IRQHandler
                0x08000648                TIM5_IRQHandler
                0x08000648                DMA2_Stream7_IRQHandler
                0x08000648                I2C3_EV_IRQHandler
                0x08000648                EXTI9_5_IRQHandler
                0x08000648                RTC_WKUP_IRQHandler
                0x08000648                SPI2_IRQHandler
                0x08000648                DMA1_Stream0_IRQHandler
                0x08000648                EXTI4_IRQHandler
                0x08000648                WWDG_IRQHandler
                0x08000648                TIM2_IRQHandler
                0x08000648                OTG_FS_WKUP_IRQHandler
                0x08000648                TIM1_TRG_COM_TIM11_IRQHandler
                0x08000648                EXTI1_IRQHandler
                0x08000648                USART2_IRQHandler
                0x08000648                I2C2_ER_IRQHandler
                0x08000648                DMA2_Stream1_IRQHandler
                0x08000648                FLASH_IRQHandler
                0x08000648                DMA2_Stream4_IRQHandler
                0x08000648                USART1_IRQHandler
                0x08000648                OTG_FS_IRQHandler
                0x08000648                SPI3_IRQHandler
                0x08000648                DMA1_Stream4_IRQHandler
                0x08000648                I2C1_ER_IRQHandler
                0x08000648                DMA2_Stream6_IRQHandler
                0x08000648                DMA1_Stream3_IRQHandler
 .text.NMI_Handler
                0x0800064a        0xe src\stm32f4xx_it.o
                0x0800064a                NMI_Handler
 .text.HardFault_Handler
                0x08000658        0x6 src\stm32f4xx_it.o
                0x08000658                HardFault_Handler
 .text.MemManage_Handler
                0x0800065e        0x6 src\stm32f4xx_it.o
                0x0800065e                MemManage_Handler
 .text.BusFault_Handler
                0x08000664        0x6 src\stm32f4xx_it.o
                0x08000664                BusFault_Handler
 .text.UsageFault_Handler
                0x0800066a        0x6 src\stm32f4xx_it.o
                0x0800066a                UsageFault_Handler
 .text.SVC_Handler
                0x08000670        0xe src\stm32f4xx_it.o
                0x08000670                SVC_Handler
 .text.DebugMon_Handler
                0x0800067e        0xe src\stm32f4xx_it.o
                0x0800067e                DebugMon_Handler
 .text.PendSV_Handler
                0x0800068c        0xe src\stm32f4xx_it.o
                0x0800068c                PendSV_Handler
 .text.SysTick_Handler
                0x0800069a        0xc src\stm32f4xx_it.o
                0x0800069a                SysTick_Handler
 *fill*         0x080006a6        0x2 
 .text.SystemInit
                0x080006a8       0x6c src\system_stm32f4xx.o
                0x080006a8                SystemInit
 .text.SetSysClock
                0x08000714       0xa0 src\system_stm32f4xx.o
 .text.__libc_init_array
                0x080007b4       0x48 c:/program files (x86)/atollic/truestudio for stm32 9.0.0/armtools/bin/../lib/gcc/arm-atollic-eabi/6.3.1/../../../../arm-atollic-eabi/lib/armv7e-m/fpu\libc_nano.a(lib_a-init.o)
                0x080007b4                __libc_init_array
 *(.glue_7)
 .glue_7        0x080007fc        0x0 linker stubs
 *(.glue_7t)
 .glue_7t       0x080007fc        0x0 linker stubs
 *(.eh_frame)
 .eh_frame      0x080007fc        0x0 c:/program files (x86)/atollic/truestudio for stm32 9.0.0/armtools/bin/../lib/gcc/arm-atollic-eabi/6.3.1/armv7e-m/fpu/crtbegin.o
 *(.init)
 .init          0x080007fc        0x4 c:/program files (x86)/atollic/truestudio for stm32 9.0.0/armtools/bin/../lib/gcc/arm-atollic-eabi/6.3.1/armv7e-m/fpu/crti.o
                0x080007fc                _init
 .init          0x08000800        0x8 c:/program files (x86)/atollic/truestudio for stm32 9.0.0/armtools/bin/../lib/gcc/arm-atollic-eabi/6.3.1/armv7e-m/fpu/crtn.o
 *(.fini)
 .fini          0x08000808        0x4 c:/program files (x86)/atollic/truestudio for stm32 9.0.0/armtools/bin/../lib/gcc/arm-atollic-eabi/6.3.1/armv7e-m/fpu/crti.o
                0x08000808                _fini
 .fini          0x0800080c        0x8 c:/program files (x86)/atollic/truestudio for stm32 9.0.0/armtools/bin/../lib/gcc/arm-atollic-eabi/6.3.1/armv7e-m/fpu/crtn.o
                0x08000814                . = ALIGN (0x4)
                0x08000814                _etext = .

.vfp11_veneer   0x08000814        0x0
 .vfp11_veneer  0x08000814        0x0 linker stubs

.v4_bx          0x08000814        0x0
 .v4_bx         0x08000814        0x0 linker stubs

.iplt           0x08000814        0x0
 .iplt          0x08000814        0x0 c:/program files (x86)/atollic/truestudio for stm32 9.0.0/armtools/bin/../lib/gcc/arm-atollic-eabi/6.3.1/armv7e-m/fpu/crtbegin.o

.rel.dyn        0x08000814        0x0
 .rel.iplt      0x08000814        0x0 c:/program files (x86)/atollic/truestudio for stm32 9.0.0/armtools/bin/../lib/gcc/arm-atollic-eabi/6.3.1/armv7e-m/fpu/crtbegin.o

.rodata         0x08000814        0x0
                0x08000814                . = ALIGN (0x4)
 *(.rodata)
 *(.rodata*)
                0x08000814                . = ALIGN (0x4)

.ARM.extab
 *(.ARM.extab* .gnu.linkonce.armextab.*)

.ARM            0x08000814        0x0
                0x08000814                __exidx_start = .
 *(.ARM.exidx*)
                0x08000814                __exidx_end = .

.preinit_array  0x08000814        0x0
                0x08000814                PROVIDE (__preinit_array_start, .)
 *(.preinit_array*)
                0x08000814                PROVIDE (__preinit_array_end, .)

.init_array     0x08000814        0x4
                0x08000814                PROVIDE (__init_array_start, .)
 *(SORT(.init_array.*))
 *(.init_array*)
 .init_array    0x08000814        0x4 c:/program files (x86)/atollic/truestudio for stm32 9.0.0/armtools/bin/../lib/gcc/arm-atollic-eabi/6.3.1/armv7e-m/fpu/crtbegin.o
                0x08000818                PROVIDE (__init_array_end, .)

.fini_array     0x08000818        0x4
                [!provide]                PROVIDE (__fini_array_start, .)
 *(SORT(.fini_array.*))
 *(.fini_array*)
 .fini_array    0x08000818        0x4 c:/program files (x86)/atollic/truestudio for stm32 9.0.0/armtools/bin/../lib/gcc/arm-atollic-eabi/6.3.1/armv7e-m/fpu/crtbegin.o
                [!provide]                PROVIDE (__fini_array_end, .)
                0x0800081c                _sidata = LOADADDR (.data)

.data           0x20000000       0x10 load address 0x0800081c
                0x20000000                . = ALIGN (0x4)
                0x20000000                _sdata = .
 *(.data)
 *(.data*)
 .data.APBAHBPrescTable
                0x20000000       0x10 Drivers\STM32F4xx_StdPeriph_Driver\src\stm32f4xx_rcc.o
                0x20000010                . = ALIGN (0x4)
                0x20000010                _edata = .

.igot.plt       0x20000010        0x0 load address 0x0800082c
 .igot.plt      0x20000010        0x0 c:/program files (x86)/atollic/truestudio for stm32 9.0.0/armtools/bin/../lib/gcc/arm-atollic-eabi/6.3.1/armv7e-m/fpu/crtbegin.o
                0x20000010                . = ALIGN (0x4)

.bss            0x20000010       0x30 load address 0x0800082c
                0x20000010                _sbss = .
                0x20000010                __bss_start__ = _sbss
 *(.bss)
 .bss           0x20000010       0x1c c:/program files (x86)/atollic/truestudio for stm32 9.0.0/armtools/bin/../lib/gcc/arm-atollic-eabi/6.3.1/armv7e-m/fpu/crtbegin.o
 *(.bss*)
 .bss.uwTimingDelay
                0x2000002c        0x4 src\main.o
 *(COMMON)
 COMMON         0x20000030       0x10 src\main.o
                0x20000030                RCC_Clocks
                0x20000040                . = ALIGN (0x4)
                0x20000040                _ebss = .
                0x20000040                __bss_end__ = _ebss

._user_heap_stack
                0x20000040      0x400 load address 0x0800082c
                0x20000040                . = ALIGN (0x4)
                [!provide]                PROVIDE (end, .)
                [!provide]                PROVIDE (_end, .)
                0x20000040                . = (. + _Min_Heap_Size)
                0x20000440                . = (. + _Min_Stack_Size)
 *fill*         0x20000040      0x400 
                0x20000440                . = ALIGN (0x4)

.memory_b1_text
 *(.mb1text)
 *(.mb1text*)
 *(.mb1rodata)
 *(.mb1rodata*)

/DISCARD/
 libc.a(*)
 libm.a(*)
 libgcc.a(*)

.ARM.attributes
                0x00000000       0x30
 *(.ARM.attributes)
 .ARM.attributes
                0x00000000       0x22 c:/program files (x86)/atollic/truestudio for stm32 9.0.0/armtools/bin/../lib/gcc/arm-atollic-eabi/6.3.1/armv7e-m/fpu/crti.o
 .ARM.attributes
                0x00000022       0x34 c:/program files (x86)/atollic/truestudio for stm32 9.0.0/armtools/bin/../lib/gcc/arm-atollic-eabi/6.3.1/armv7e-m/fpu/crtbegin.o
 .ARM.attributes
                0x00000056       0x39 Drivers\STM32F4xx_StdPeriph_Driver\src\stm32f4xx_gpio.o
 .ARM.attributes
                0x0000008f       0x39 Drivers\STM32F4xx_StdPeriph_Driver\src\stm32f4xx_rcc.o
 .ARM.attributes
                0x000000c8       0x39 src\main.o
 .ARM.attributes
                0x00000101       0x21 src\startup_stm32f411xe.o
 .ARM.attributes
                0x00000122       0x39 src\stm32f4xx_it.o
 .ARM.attributes
                0x0000015b       0x39 src\system_stm32f4xx.o
 .ARM.attributes
                0x00000194       0x34 c:/program files (x86)/atollic/truestudio for stm32 9.0.0/armtools/bin/../lib/gcc/arm-atollic-eabi/6.3.1/../../../../arm-atollic-eabi/lib/armv7e-m/fpu\libc_nano.a(lib_a-init.o)
 .ARM.attributes
                0x000001c8       0x22 c:/program files (x86)/atollic/truestudio for stm32 9.0.0/armtools/bin/../lib/gcc/arm-atollic-eabi/6.3.1/armv7e-m/fpu/crtn.o
OUTPUT(semnome4.elf elf32-littlearm)

.debug_info     0x00000000     0x23b8
 .debug_info    0x00000000      0x628 Drivers\STM32F4xx_StdPeriph_Driver\src\stm32f4xx_gpio.o
 .debug_info    0x00000628      0xd6d Drivers\STM32F4xx_StdPeriph_Driver\src\stm32f4xx_rcc.o
 .debug_info    0x00001395      0x888 src\main.o
 .debug_info    0x00001c1d       0x86 src\startup_stm32f411xe.o
 .debug_info    0x00001ca3      0x154 src\stm32f4xx_it.o
 .debug_info    0x00001df7      0x5c1 src\system_stm32f4xx.o

.debug_abbrev   0x00000000      0x75a
 .debug_abbrev  0x00000000      0x1b8 Drivers\STM32F4xx_StdPeriph_Driver\src\stm32f4xx_gpio.o
 .debug_abbrev  0x000001b8      0x1cf Drivers\STM32F4xx_StdPeriph_Driver\src\stm32f4xx_rcc.o
 .debug_abbrev  0x00000387      0x1fc src\main.o
 .debug_abbrev  0x00000583       0x12 src\startup_stm32f411xe.o
 .debug_abbrev  0x00000595       0x90 src\stm32f4xx_it.o
 .debug_abbrev  0x00000625      0x135 src\system_stm32f4xx.o

.debug_aranges  0x00000000      0x318
 .debug_aranges
                0x00000000       0x88 Drivers\STM32F4xx_StdPeriph_Driver\src\stm32f4xx_gpio.o
 .debug_aranges
                0x00000088      0x198 Drivers\STM32F4xx_StdPeriph_Driver\src\stm32f4xx_rcc.o
 .debug_aranges
                0x00000220       0x40 src\main.o
 .debug_aranges
                0x00000260       0x28 src\startup_stm32f411xe.o
 .debug_aranges
                0x00000288       0x60 src\stm32f4xx_it.o
 .debug_aranges
                0x000002e8       0x30 src\system_stm32f4xx.o

.debug_ranges   0x00000000      0x2c0
 .debug_ranges  0x00000000       0x78 Drivers\STM32F4xx_StdPeriph_Driver\src\stm32f4xx_gpio.o
 .debug_ranges  0x00000078      0x188 Drivers\STM32F4xx_StdPeriph_Driver\src\stm32f4xx_rcc.o
 .debug_ranges  0x00000200       0x30 src\main.o
 .debug_ranges  0x00000230       0x20 src\startup_stm32f411xe.o
 .debug_ranges  0x00000250       0x50 src\stm32f4xx_it.o
 .debug_ranges  0x000002a0       0x20 src\system_stm32f4xx.o

.debug_line     0x00000000     0x1162
 .debug_line    0x00000000      0x3c1 Drivers\STM32F4xx_StdPeriph_Driver\src\stm32f4xx_gpio.o
 .debug_line    0x000003c1      0x64a Drivers\STM32F4xx_StdPeriph_Driver\src\stm32f4xx_rcc.o
 .debug_line    0x00000a0b      0x2a8 src\main.o
 .debug_line    0x00000cb3       0x7b src\startup_stm32f411xe.o
 .debug_line    0x00000d2e      0x22d src\stm32f4xx_it.o
 .debug_line    0x00000f5b      0x207 src\system_stm32f4xx.o

.debug_str      0x00000000     0x1208
 .debug_str     0x00000000      0x4db Drivers\STM32F4xx_StdPeriph_Driver\src\stm32f4xx_gpio.o
                                0x531 (size before relaxing)
 .debug_str     0x000004db      0x750 Drivers\STM32F4xx_StdPeriph_Driver\src\stm32f4xx_rcc.o
                                0x9a5 (size before relaxing)
 .debug_str     0x00000c2b      0x4c1 src\main.o
                                0x8ee (size before relaxing)
 .debug_str     0x000010ec       0xa6 src\stm32f4xx_it.o
                                0x282 (size before relaxing)
 .debug_str     0x00001192       0x76 src\system_stm32f4xx.o
                                0x407 (size before relaxing)

.comment        0x00000000       0x7c
 .comment       0x00000000       0x7c Drivers\STM32F4xx_StdPeriph_Driver\src\stm32f4xx_gpio.o
                                 0x7d (size before relaxing)
 .comment       0x0000007c       0x7d Drivers\STM32F4xx_StdPeriph_Driver\src\stm32f4xx_rcc.o
 .comment       0x0000007c       0x7d src\main.o
 .comment       0x0000007c       0x7d src\stm32f4xx_it.o
 .comment       0x0000007c       0x7d src\system_stm32f4xx.o

.debug_frame    0x00000000      0xc20
 .debug_frame   0x00000000      0x23c Drivers\STM32F4xx_StdPeriph_Driver\src\stm32f4xx_gpio.o
 .debug_frame   0x0000023c      0x774 Drivers\STM32F4xx_StdPeriph_Driver\src\stm32f4xx_rcc.o
 .debug_frame   0x000009b0       0xc4 src\main.o
 .debug_frame   0x00000a74      0x10c src\stm32f4xx_it.o
 .debug_frame   0x00000b80       0x74 src\system_stm32f4xx.o
 .debug_frame   0x00000bf4       0x2c c:/program files (x86)/atollic/truestudio for stm32 9.0.0/armtools/bin/../lib/gcc/arm-atollic-eabi/6.3.1/../../../../arm-atollic-eabi/lib/armv7e-m/fpu\libc_nano.a(lib_a-init.o)

.stabstr        0x00000000       0x3f
 .stabstr       0x00000000       0x3f c:/program files (x86)/atollic/truestudio for stm32 9.0.0/armtools/bin/../lib/gcc/arm-atollic-eabi/6.3.1/../../../../arm-atollic-eabi/lib/armv7e-m/fpu\libnosys.a(write.o)

Cross Reference Table

Symbol                                            File
ADC_AnalogWatchdogCmd                             Drivers\STM32F4xx_StdPeriph_Driver\src\stm32f4xx_adc.o
ADC_AnalogWatchdogSingleChannelConfig             Drivers\STM32F4xx_StdPeriph_Driver\src\stm32f4xx_adc.o
ADC_AnalogWatchdogThresholdsConfig                Drivers\STM32F4xx_StdPeriph_Driver\src\stm32f4xx_adc.o
ADC_AutoInjectedConvCmd                           Drivers\STM32F4xx_StdPeriph_Driver\src\stm32f4xx_adc.o
ADC_ClearFlag                                     Drivers\STM32F4xx_StdPeriph_Driver\src\stm32f4xx_adc.o
ADC_ClearITPendingBit                             Drivers\STM32F4xx_StdPeriph_Driver\src\stm32f4xx_adc.o
ADC_Cmd                                           Drivers\STM32F4xx_StdPeriph_Driver\src\stm32f4xx_adc.o
ADC_CommonInit                                    Drivers\STM32F4xx_StdPeriph_Driver\src\stm32f4xx_adc.o
ADC_CommonStructInit                              Drivers\STM32F4xx_StdPeriph_Driver\src\stm32f4xx_adc.o
ADC_ContinuousModeCmd                             Drivers\STM32F4xx_StdPeriph_Driver\src\stm32f4xx_adc.o
ADC_DMACmd                                        Drivers\STM32F4xx_StdPeriph_Driver\src\stm32f4xx_adc.o
ADC_DMARequestAfterLastTransferCmd                Drivers\STM32F4xx_StdPeriph_Driver\src\stm32f4xx_adc.o
ADC_DeInit                                        Drivers\STM32F4xx_StdPeriph_Driver\src\stm32f4xx_adc.o
ADC_DiscModeChannelCountConfig                    Drivers\STM32F4xx_StdPeriph_Driver\src\stm32f4xx_adc.o
ADC_DiscModeCmd                                   Drivers\STM32F4xx_StdPeriph_Driver\src\stm32f4xx_adc.o
ADC_EOCOnEachRegularChannelCmd                    Drivers\STM32F4xx_StdPeriph_Driver\src\stm32f4xx_adc.o
ADC_ExternalTrigInjectedConvConfig                Drivers\STM32F4xx_StdPeriph_Driver\src\stm32f4xx_adc.o
ADC_ExternalTrigInjectedConvEdgeConfig            Drivers\STM32F4xx_StdPeriph_Driver\src\stm32f4xx_adc.o
ADC_GetConversionValue                            Drivers\STM32F4xx_StdPeriph_Driver\src\stm32f4xx_adc.o
ADC_GetFlagStatus                                 Drivers\STM32F4xx_StdPeriph_Driver\src\stm32f4xx_adc.o
ADC_GetITStatus                                   Drivers\STM32F4xx_StdPeriph_Driver\src\stm32f4xx_adc.o
ADC_GetInjectedConversionValue                    Drivers\STM32F4xx_StdPeriph_Driver\src\stm32f4xx_adc.o
ADC_GetMultiModeConversionValue                   Drivers\STM32F4xx_StdPeriph_Driver\src\stm32f4xx_adc.o
ADC_GetSoftwareStartConvStatus                    Drivers\STM32F4xx_StdPeriph_Driver\src\stm32f4xx_adc.o
ADC_GetSoftwareStartInjectedConvCmdStatus         Drivers\STM32F4xx_StdPeriph_Driver\src\stm32f4xx_adc.o
ADC_IRQHandler                                    src\startup_stm32f411xe.o
ADC_ITConfig                                      Drivers\STM32F4xx_StdPeriph_Driver\src\stm32f4xx_adc.o
ADC_Init                                          Drivers\STM32F4xx_StdPeriph_Driver\src\stm32f4xx_adc.o
ADC_InjectedChannelConfig                         Drivers\STM32F4xx_StdPeriph_Driver\src\stm32f4xx_adc.o
ADC_InjectedDiscModeCmd                           Drivers\STM32F4xx_StdPeriph_Driver\src\stm32f4xx_adc.o
ADC_InjectedSequencerLengthConfig                 Drivers\STM32F4xx_StdPeriph_Driver\src\stm32f4xx_adc.o
ADC_MultiModeDMARequestAfterLastTransferCmd       Drivers\STM32F4xx_StdPeriph_Driver\src\stm32f4xx_adc.o
ADC_RegularChannelConfig                          Drivers\STM32F4xx_StdPeriph_Driver\src\stm32f4xx_adc.o
ADC_SetInjectedOffset                             Drivers\STM32F4xx_StdPeriph_Driver\src\stm32f4xx_adc.o
ADC_SoftwareStartConv                             Drivers\STM32F4xx_StdPeriph_Driver\src\stm32f4xx_adc.o
ADC_SoftwareStartInjectedConv                     Drivers\STM32F4xx_StdPeriph_Driver\src\stm32f4xx_adc.o
ADC_StructInit                                    Drivers\STM32F4xx_StdPeriph_Driver\src\stm32f4xx_adc.o
ADC_TempSensorVrefintCmd                          Drivers\STM32F4xx_StdPeriph_Driver\src\stm32f4xx_adc.o
ADC_VBATCmd                                       Drivers\STM32F4xx_StdPeriph_Driver\src\stm32f4xx_adc.o
AHBPrescTable                                     src\system_stm32f4xx.o
BusFault_Handler                                  src\stm32f4xx_it.o
                                                  src\startup_stm32f411xe.o
CAN_CancelTransmit                                Drivers\STM32F4xx_StdPeriph_Driver\src\stm32f4xx_can.o
CAN_ClearFlag                                     Drivers\STM32F4xx_StdPeriph_Driver\src\stm32f4xx_can.o
CAN_ClearITPendingBit                             Drivers\STM32F4xx_StdPeriph_Driver\src\stm32f4xx_can.o
CAN_DBGFreeze                                     Drivers\STM32F4xx_StdPeriph_Driver\src\stm32f4xx_can.o
CAN_DeInit                                        Drivers\STM32F4xx_StdPeriph_Driver\src\stm32f4xx_can.o
CAN_FIFORelease                                   Drivers\STM32F4xx_StdPeriph_Driver\src\stm32f4xx_can.o
CAN_FilterInit                                    Drivers\STM32F4xx_StdPeriph_Driver\src\stm32f4xx_can.o
CAN_GetFlagStatus                                 Drivers\STM32F4xx_StdPeriph_Driver\src\stm32f4xx_can.o
CAN_GetITStatus                                   Drivers\STM32F4xx_StdPeriph_Driver\src\stm32f4xx_can.o
CAN_GetLSBTransmitErrorCounter                    Drivers\STM32F4xx_StdPeriph_Driver\src\stm32f4xx_can.o
CAN_GetLastErrorCode                              Drivers\STM32F4xx_StdPeriph_Driver\src\stm32f4xx_can.o
CAN_GetReceiveErrorCounter                        Drivers\STM32F4xx_StdPeriph_Driver\src\stm32f4xx_can.o
CAN_ITConfig                                      Drivers\STM32F4xx_StdPeriph_Driver\src\stm32f4xx_can.o
CAN_Init                                          Drivers\STM32F4xx_StdPeriph_Driver\src\stm32f4xx_can.o
CAN_MessagePending                                Drivers\STM32F4xx_StdPeriph_Driver\src\stm32f4xx_can.o
CAN_OperatingModeRequest                          Drivers\STM32F4xx_StdPeriph_Driver\src\stm32f4xx_can.o
CAN_Receive                                       Drivers\STM32F4xx_StdPeriph_Driver\src\stm32f4xx_can.o
CAN_SlaveStartBank                                Drivers\STM32F4xx_StdPeriph_Driver\src\stm32f4xx_can.o
CAN_Sleep                                         Drivers\STM32F4xx_StdPeriph_Driver\src\stm32f4xx_can.o
CAN_StructInit                                    Drivers\STM32F4xx_StdPeriph_Driver\src\stm32f4xx_can.o
CAN_TTComModeCmd                                  Drivers\STM32F4xx_StdPeriph_Driver\src\stm32f4xx_can.o
CAN_Transmit                                      Drivers\STM32F4xx_StdPeriph_Driver\src\stm32f4xx_can.o
CAN_TransmitStatus                                Drivers\STM32F4xx_StdPeriph_Driver\src\stm32f4xx_can.o
CAN_WakeUp                                        Drivers\STM32F4xx_StdPeriph_Driver\src\stm32f4xx_can.o
CRC_CalcBlockCRC                                  Drivers\STM32F4xx_StdPeriph_Driver\src\stm32f4xx_crc.o
CRC_CalcCRC                                       Drivers\STM32F4xx_StdPeriph_Driver\src\stm32f4xx_crc.o
CRC_GetCRC                                        Drivers\STM32F4xx_StdPeriph_Driver\src\stm32f4xx_crc.o
CRC_GetIDRegister                                 Drivers\STM32F4xx_StdPeriph_Driver\src\stm32f4xx_crc.o
CRC_ResetDR                                       Drivers\STM32F4xx_StdPeriph_Driver\src\stm32f4xx_crc.o
CRC_SetIDRegister                                 Drivers\STM32F4xx_StdPeriph_Driver\src\stm32f4xx_crc.o
CRYP_AES_CBC                                      Drivers\STM32F4xx_StdPeriph_Driver\src\stm32f4xx_cryp_aes.o
CRYP_AES_CCM                                      Drivers\STM32F4xx_StdPeriph_Driver\src\stm32f4xx_cryp_aes.o
CRYP_AES_CTR                                      Drivers\STM32F4xx_StdPeriph_Driver\src\stm32f4xx_cryp_aes.o
CRYP_AES_ECB                                      Drivers\STM32F4xx_StdPeriph_Driver\src\stm32f4xx_cryp_aes.o
CRYP_AES_GCM                                      Drivers\STM32F4xx_StdPeriph_Driver\src\stm32f4xx_cryp_aes.o
CRYP_Cmd                                          Drivers\STM32F4xx_StdPeriph_Driver\src\stm32f4xx_cryp.o
                                                  Drivers\STM32F4xx_StdPeriph_Driver\src\stm32f4xx_cryp_tdes.o
                                                  Drivers\STM32F4xx_StdPeriph_Driver\src\stm32f4xx_cryp_des.o
                                                  Drivers\STM32F4xx_StdPeriph_Driver\src\stm32f4xx_cryp_aes.o
CRYP_DES_CBC                                      Drivers\STM32F4xx_StdPeriph_Driver\src\stm32f4xx_cryp_des.o
CRYP_DES_ECB                                      Drivers\STM32F4xx_StdPeriph_Driver\src\stm32f4xx_cryp_des.o
CRYP_DMACmd                                       Drivers\STM32F4xx_StdPeriph_Driver\src\stm32f4xx_cryp.o
CRYP_DataIn                                       Drivers\STM32F4xx_StdPeriph_Driver\src\stm32f4xx_cryp.o
                                                  Drivers\STM32F4xx_StdPeriph_Driver\src\stm32f4xx_cryp_tdes.o
                                                  Drivers\STM32F4xx_StdPeriph_Driver\src\stm32f4xx_cryp_des.o
                                                  Drivers\STM32F4xx_StdPeriph_Driver\src\stm32f4xx_cryp_aes.o
CRYP_DataOut                                      Drivers\STM32F4xx_StdPeriph_Driver\src\stm32f4xx_cryp.o
                                                  Drivers\STM32F4xx_StdPeriph_Driver\src\stm32f4xx_cryp_tdes.o
                                                  Drivers\STM32F4xx_StdPeriph_Driver\src\stm32f4xx_cryp_des.o
                                                  Drivers\STM32F4xx_StdPeriph_Driver\src\stm32f4xx_cryp_aes.o
CRYP_DeInit                                       Drivers\STM32F4xx_StdPeriph_Driver\src\stm32f4xx_cryp.o
CRYP_FIFOFlush                                    Drivers\STM32F4xx_StdPeriph_Driver\src\stm32f4xx_cryp.o
                                                  Drivers\STM32F4xx_StdPeriph_Driver\src\stm32f4xx_cryp_tdes.o
                                                  Drivers\STM32F4xx_StdPeriph_Driver\src\stm32f4xx_cryp_des.o
                                                  Drivers\STM32F4xx_StdPeriph_Driver\src\stm32f4xx_cryp_aes.o
CRYP_GetCmdStatus                                 Drivers\STM32F4xx_StdPeriph_Driver\src\stm32f4xx_cryp.o
                                                  Drivers\STM32F4xx_StdPeriph_Driver\src\stm32f4xx_cryp_tdes.o
                                                  Drivers\STM32F4xx_StdPeriph_Driver\src\stm32f4xx_cryp_des.o
                                                  Drivers\STM32F4xx_StdPeriph_Driver\src\stm32f4xx_cryp_aes.o
CRYP_GetFlagStatus                                Drivers\STM32F4xx_StdPeriph_Driver\src\stm32f4xx_cryp.o
                                                  Drivers\STM32F4xx_StdPeriph_Driver\src\stm32f4xx_cryp_tdes.o
                                                  Drivers\STM32F4xx_StdPeriph_Driver\src\stm32f4xx_cryp_des.o
                                                  Drivers\STM32F4xx_StdPeriph_Driver\src\stm32f4xx_cryp_aes.o
CRYP_GetITStatus                                  Drivers\STM32F4xx_StdPeriph_Driver\src\stm32f4xx_cryp.o
CRYP_ITConfig                                     Drivers\STM32F4xx_StdPeriph_Driver\src\stm32f4xx_cryp.o
CRYP_IVInit                                       Drivers\STM32F4xx_StdPeriph_Driver\src\stm32f4xx_cryp.o
                                                  Drivers\STM32F4xx_StdPeriph_Driver\src\stm32f4xx_cryp_tdes.o
                                                  Drivers\STM32F4xx_StdPeriph_Driver\src\stm32f4xx_cryp_des.o
                                                  Drivers\STM32F4xx_StdPeriph_Driver\src\stm32f4xx_cryp_aes.o
CRYP_IVStructInit                                 Drivers\STM32F4xx_StdPeriph_Driver\src\stm32f4xx_cryp.o
CRYP_Init                                         Drivers\STM32F4xx_StdPeriph_Driver\src\stm32f4xx_cryp.o
                                                  Drivers\STM32F4xx_StdPeriph_Driver\src\stm32f4xx_cryp_tdes.o
                                                  Drivers\STM32F4xx_StdPeriph_Driver\src\stm32f4xx_cryp_des.o
                                                  Drivers\STM32F4xx_StdPeriph_Driver\src\stm32f4xx_cryp_aes.o
CRYP_KeyInit                                      Drivers\STM32F4xx_StdPeriph_Driver\src\stm32f4xx_cryp.o
                                                  Drivers\STM32F4xx_StdPeriph_Driver\src\stm32f4xx_cryp_tdes.o
                                                  Drivers\STM32F4xx_StdPeriph_Driver\src\stm32f4xx_cryp_des.o
                                                  Drivers\STM32F4xx_StdPeriph_Driver\src\stm32f4xx_cryp_aes.o
CRYP_KeyStructInit                                Drivers\STM32F4xx_StdPeriph_Driver\src\stm32f4xx_cryp.o
                                                  Drivers\STM32F4xx_StdPeriph_Driver\src\stm32f4xx_cryp_tdes.o
                                                  Drivers\STM32F4xx_StdPeriph_Driver\src\stm32f4xx_cryp_des.o
                                                  Drivers\STM32F4xx_StdPeriph_Driver\src\stm32f4xx_cryp_aes.o
CRYP_PhaseConfig                                  Drivers\STM32F4xx_StdPeriph_Driver\src\stm32f4xx_cryp.o
                                                  Drivers\STM32F4xx_StdPeriph_Driver\src\stm32f4xx_cryp_aes.o
CRYP_RestoreContext                               Drivers\STM32F4xx_StdPeriph_Driver\src\stm32f4xx_cryp.o
CRYP_SaveContext                                  Drivers\STM32F4xx_StdPeriph_Driver\src\stm32f4xx_cryp.o
CRYP_StructInit                                   Drivers\STM32F4xx_StdPeriph_Driver\src\stm32f4xx_cryp.o
CRYP_TDES_CBC                                     Drivers\STM32F4xx_StdPeriph_Driver\src\stm32f4xx_cryp_tdes.o
CRYP_TDES_ECB                                     Drivers\STM32F4xx_StdPeriph_Driver\src\stm32f4xx_cryp_tdes.o
DAC_ClearFlag                                     Drivers\STM32F4xx_StdPeriph_Driver\src\stm32f4xx_dac.o
DAC_ClearITPendingBit                             Drivers\STM32F4xx_StdPeriph_Driver\src\stm32f4xx_dac.o
DAC_Cmd                                           Drivers\STM32F4xx_StdPeriph_Driver\src\stm32f4xx_dac.o
DAC_DMACmd                                        Drivers\STM32F4xx_StdPeriph_Driver\src\stm32f4xx_dac.o
DAC_DeInit                                        Drivers\STM32F4xx_StdPeriph_Driver\src\stm32f4xx_dac.o
DAC_DualSoftwareTriggerCmd                        Drivers\STM32F4xx_StdPeriph_Driver\src\stm32f4xx_dac.o
DAC_GetDataOutputValue                            Drivers\STM32F4xx_StdPeriph_Driver\src\stm32f4xx_dac.o
DAC_GetFlagStatus                                 Drivers\STM32F4xx_StdPeriph_Driver\src\stm32f4xx_dac.o
DAC_GetITStatus                                   Drivers\STM32F4xx_StdPeriph_Driver\src\stm32f4xx_dac.o
DAC_ITConfig                                      Drivers\STM32F4xx_StdPeriph_Driver\src\stm32f4xx_dac.o
DAC_Init                                          Drivers\STM32F4xx_StdPeriph_Driver\src\stm32f4xx_dac.o
DAC_SetChannel1Data                               Drivers\STM32F4xx_StdPeriph_Driver\src\stm32f4xx_dac.o
DAC_SetChannel2Data                               Drivers\STM32F4xx_StdPeriph_Driver\src\stm32f4xx_dac.o
DAC_SetDualChannelData                            Drivers\STM32F4xx_StdPeriph_Driver\src\stm32f4xx_dac.o
DAC_SoftwareTriggerCmd                            Drivers\STM32F4xx_StdPeriph_Driver\src\stm32f4xx_dac.o
DAC_StructInit                                    Drivers\STM32F4xx_StdPeriph_Driver\src\stm32f4xx_dac.o
DAC_WaveGenerationCmd                             Drivers\STM32F4xx_StdPeriph_Driver\src\stm32f4xx_dac.o
DBGMCU_APB1PeriphConfig                           Drivers\STM32F4xx_StdPeriph_Driver\src\stm32f4xx_dbgmcu.o
DBGMCU_APB2PeriphConfig                           Drivers\STM32F4xx_StdPeriph_Driver\src\stm32f4xx_dbgmcu.o
DBGMCU_Config                                     Drivers\STM32F4xx_StdPeriph_Driver\src\stm32f4xx_dbgmcu.o
DBGMCU_GetDEVID                                   Drivers\STM32F4xx_StdPeriph_Driver\src\stm32f4xx_dbgmcu.o
DBGMCU_GetREVID                                   Drivers\STM32F4xx_StdPeriph_Driver\src\stm32f4xx_dbgmcu.o
DCMI_CROPCmd                                      Drivers\STM32F4xx_StdPeriph_Driver\src\stm32f4xx_dcmi.o
DCMI_CROPConfig                                   Drivers\STM32F4xx_StdPeriph_Driver\src\stm32f4xx_dcmi.o
DCMI_CaptureCmd                                   Drivers\STM32F4xx_StdPeriph_Driver\src\stm32f4xx_dcmi.o
DCMI_ClearFlag                                    Drivers\STM32F4xx_StdPeriph_Driver\src\stm32f4xx_dcmi.o
DCMI_ClearITPendingBit                            Drivers\STM32F4xx_StdPeriph_Driver\src\stm32f4xx_dcmi.o
DCMI_Cmd                                          Drivers\STM32F4xx_StdPeriph_Driver\src\stm32f4xx_dcmi.o
DCMI_DeInit                                       Drivers\STM32F4xx_StdPeriph_Driver\src\stm32f4xx_dcmi.o
DCMI_GetFlagStatus                                Drivers\STM32F4xx_StdPeriph_Driver\src\stm32f4xx_dcmi.o
DCMI_GetITStatus                                  Drivers\STM32F4xx_StdPeriph_Driver\src\stm32f4xx_dcmi.o
DCMI_ITConfig                                     Drivers\STM32F4xx_StdPeriph_Driver\src\stm32f4xx_dcmi.o
DCMI_Init                                         Drivers\STM32F4xx_StdPeriph_Driver\src\stm32f4xx_dcmi.o
DCMI_JPEGCmd                                      Drivers\STM32F4xx_StdPeriph_Driver\src\stm32f4xx_dcmi.o
DCMI_ReadData                                     Drivers\STM32F4xx_StdPeriph_Driver\src\stm32f4xx_dcmi.o
DCMI_SetEmbeddedSynchroCodes                      Drivers\STM32F4xx_StdPeriph_Driver\src\stm32f4xx_dcmi.o
DCMI_StructInit                                   Drivers\STM32F4xx_StdPeriph_Driver\src\stm32f4xx_dcmi.o
DMA1_Stream0_IRQHandler                           src\startup_stm32f411xe.o
DMA1_Stream1_IRQHandler                           src\startup_stm32f411xe.o
DMA1_Stream2_IRQHandler                           src\startup_stm32f411xe.o
DMA1_Stream3_IRQHandler                           src\startup_stm32f411xe.o
DMA1_Stream4_IRQHandler                           src\startup_stm32f411xe.o
DMA1_Stream5_IRQHandler                           src\startup_stm32f411xe.o
DMA1_Stream6_IRQHandler                           src\startup_stm32f411xe.o
DMA1_Stream7_IRQHandler                           src\startup_stm32f411xe.o
DMA2D_AbortTransfer                               Drivers\STM32F4xx_StdPeriph_Driver\src\stm32f4xx_dma2d.o
DMA2D_BGConfig                                    Drivers\STM32F4xx_StdPeriph_Driver\src\stm32f4xx_dma2d.o
DMA2D_BGStart                                     Drivers\STM32F4xx_StdPeriph_Driver\src\stm32f4xx_dma2d.o
DMA2D_BG_StructInit                               Drivers\STM32F4xx_StdPeriph_Driver\src\stm32f4xx_dma2d.o
DMA2D_ClearFlag                                   Drivers\STM32F4xx_StdPeriph_Driver\src\stm32f4xx_dma2d.o
DMA2D_ClearITPendingBit                           Drivers\STM32F4xx_StdPeriph_Driver\src\stm32f4xx_dma2d.o
DMA2D_DeInit                                      Drivers\STM32F4xx_StdPeriph_Driver\src\stm32f4xx_dma2d.o
DMA2D_DeadTimeConfig                              Drivers\STM32F4xx_StdPeriph_Driver\src\stm32f4xx_dma2d.o
DMA2D_FGConfig                                    Drivers\STM32F4xx_StdPeriph_Driver\src\stm32f4xx_dma2d.o
DMA2D_FGStart                                     Drivers\STM32F4xx_StdPeriph_Driver\src\stm32f4xx_dma2d.o
DMA2D_FG_StructInit                               Drivers\STM32F4xx_StdPeriph_Driver\src\stm32f4xx_dma2d.o
DMA2D_GetFlagStatus                               Drivers\STM32F4xx_StdPeriph_Driver\src\stm32f4xx_dma2d.o
DMA2D_GetITStatus                                 Drivers\STM32F4xx_StdPeriph_Driver\src\stm32f4xx_dma2d.o
DMA2D_ITConfig                                    Drivers\STM32F4xx_StdPeriph_Driver\src\stm32f4xx_dma2d.o
DMA2D_Init                                        Drivers\STM32F4xx_StdPeriph_Driver\src\stm32f4xx_dma2d.o
DMA2D_LineWatermarkConfig                         Drivers\STM32F4xx_StdPeriph_Driver\src\stm32f4xx_dma2d.o
DMA2D_StartTransfer                               Drivers\STM32F4xx_StdPeriph_Driver\src\stm32f4xx_dma2d.o
DMA2D_StructInit                                  Drivers\STM32F4xx_StdPeriph_Driver\src\stm32f4xx_dma2d.o
DMA2D_Suspend                                     Drivers\STM32F4xx_StdPeriph_Driver\src\stm32f4xx_dma2d.o
DMA2_Stream0_IRQHandler                           src\startup_stm32f411xe.o
DMA2_Stream1_IRQHandler                           src\startup_stm32f411xe.o
DMA2_Stream2_IRQHandler                           src\startup_stm32f411xe.o
DMA2_Stream3_IRQHandler                           src\startup_stm32f411xe.o
DMA2_Stream4_IRQHandler                           src\startup_stm32f411xe.o
DMA2_Stream5_IRQHandler                           src\startup_stm32f411xe.o
DMA2_Stream6_IRQHandler                           src\startup_stm32f411xe.o
DMA2_Stream7_IRQHandler                           src\startup_stm32f411xe.o
DMA_ClearFlag                                     Drivers\STM32F4xx_StdPeriph_Driver\src\stm32f4xx_dma.o
DMA_ClearITPendingBit                             Drivers\STM32F4xx_StdPeriph_Driver\src\stm32f4xx_dma.o
DMA_Cmd                                           Drivers\STM32F4xx_StdPeriph_Driver\src\stm32f4xx_dma.o
DMA_DeInit                                        Drivers\STM32F4xx_StdPeriph_Driver\src\stm32f4xx_dma.o
DMA_DoubleBufferModeCmd                           Drivers\STM32F4xx_StdPeriph_Driver\src\stm32f4xx_dma.o
DMA_DoubleBufferModeConfig                        Drivers\STM32F4xx_StdPeriph_Driver\src\stm32f4xx_dma.o
DMA_FlowControllerConfig                          Drivers\STM32F4xx_StdPeriph_Driver\src\stm32f4xx_dma.o
DMA_GetCmdStatus                                  Drivers\STM32F4xx_StdPeriph_Driver\src\stm32f4xx_dma.o
DMA_GetCurrDataCounter                            Drivers\STM32F4xx_StdPeriph_Driver\src\stm32f4xx_dma.o
DMA_GetCurrentMemoryTarget                        Drivers\STM32F4xx_StdPeriph_Driver\src\stm32f4xx_dma.o
DMA_GetFIFOStatus                                 Drivers\STM32F4xx_StdPeriph_Driver\src\stm32f4xx_dma.o
DMA_GetFlagStatus                                 Drivers\STM32F4xx_StdPeriph_Driver\src\stm32f4xx_dma.o
DMA_GetITStatus                                   Drivers\STM32F4xx_StdPeriph_Driver\src\stm32f4xx_dma.o
DMA_ITConfig                                      Drivers\STM32F4xx_StdPeriph_Driver\src\stm32f4xx_dma.o
DMA_Init                                          Drivers\STM32F4xx_StdPeriph_Driver\src\stm32f4xx_dma.o
DMA_MemoryTargetConfig                            Drivers\STM32F4xx_StdPeriph_Driver\src\stm32f4xx_dma.o
DMA_PeriphIncOffsetSizeConfig                     Drivers\STM32F4xx_StdPeriph_Driver\src\stm32f4xx_dma.o
DMA_SetCurrDataCounter                            Drivers\STM32F4xx_StdPeriph_Driver\src\stm32f4xx_dma.o
DMA_StructInit                                    Drivers\STM32F4xx_StdPeriph_Driver\src\stm32f4xx_dma.o
DebugMon_Handler                                  src\stm32f4xx_it.o
                                                  src\startup_stm32f411xe.o
Default_Handler                                   src\startup_stm32f411xe.o
EXTI0_IRQHandler                                  src\startup_stm32f411xe.o
EXTI15_10_IRQHandler                              src\startup_stm32f411xe.o
EXTI1_IRQHandler                                  src\startup_stm32f411xe.o
EXTI2_IRQHandler                                  src\startup_stm32f411xe.o
EXTI3_IRQHandler                                  src\startup_stm32f411xe.o
EXTI4_IRQHandler                                  src\startup_stm32f411xe.o
EXTI9_5_IRQHandler                                src\startup_stm32f411xe.o
EXTI_ClearFlag                                    Drivers\STM32F4xx_StdPeriph_Driver\src\stm32f4xx_exti.o
EXTI_ClearITPendingBit                            Drivers\STM32F4xx_StdPeriph_Driver\src\stm32f4xx_exti.o
EXTI_DeInit                                       Drivers\STM32F4xx_StdPeriph_Driver\src\stm32f4xx_exti.o
EXTI_GenerateSWInterrupt                          Drivers\STM32F4xx_StdPeriph_Driver\src\stm32f4xx_exti.o
EXTI_GetFlagStatus                                Drivers\STM32F4xx_StdPeriph_Driver\src\stm32f4xx_exti.o
EXTI_GetITStatus                                  Drivers\STM32F4xx_StdPeriph_Driver\src\stm32f4xx_exti.o
EXTI_Init                                         Drivers\STM32F4xx_StdPeriph_Driver\src\stm32f4xx_exti.o
EXTI_StructInit                                   Drivers\STM32F4xx_StdPeriph_Driver\src\stm32f4xx_exti.o
FLASH_ClearFlag                                   Drivers\STM32F4xx_StdPeriph_Driver\src\stm32f4xx_flash.o
FLASH_DataCacheCmd                                Drivers\STM32F4xx_StdPeriph_Driver\src\stm32f4xx_flash.o
FLASH_DataCacheReset                              Drivers\STM32F4xx_StdPeriph_Driver\src\stm32f4xx_flash.o
FLASH_EraseAllBank1Sectors                        Drivers\STM32F4xx_StdPeriph_Driver\src\stm32f4xx_flash.o
FLASH_EraseAllBank2Sectors                        Drivers\STM32F4xx_StdPeriph_Driver\src\stm32f4xx_flash.o
FLASH_EraseAllSectors                             Drivers\STM32F4xx_StdPeriph_Driver\src\stm32f4xx_flash.o
FLASH_EraseSector                                 Drivers\STM32F4xx_StdPeriph_Driver\src\stm32f4xx_flash.o
FLASH_FlashInterfaceCmd                           Drivers\STM32F4xx_StdPeriph_Driver\src\stm32f4xx_flash_ramfunc.o
FLASH_FlashSleepModeCmd                           Drivers\STM32F4xx_StdPeriph_Driver\src\stm32f4xx_flash_ramfunc.o
FLASH_GetFlagStatus                               Drivers\STM32F4xx_StdPeriph_Driver\src\stm32f4xx_flash.o
FLASH_GetStatus                                   Drivers\STM32F4xx_StdPeriph_Driver\src\stm32f4xx_flash.o
FLASH_IRQHandler                                  src\startup_stm32f411xe.o
FLASH_ITConfig                                    Drivers\STM32F4xx_StdPeriph_Driver\src\stm32f4xx_flash.o
FLASH_InstructionCacheCmd                         Drivers\STM32F4xx_StdPeriph_Driver\src\stm32f4xx_flash.o
FLASH_InstructionCacheReset                       Drivers\STM32F4xx_StdPeriph_Driver\src\stm32f4xx_flash.o
FLASH_Lock                                        Drivers\STM32F4xx_StdPeriph_Driver\src\stm32f4xx_flash.o
FLASH_OB_BORConfig                                Drivers\STM32F4xx_StdPeriph_Driver\src\stm32f4xx_flash.o
FLASH_OB_BootConfig                               Drivers\STM32F4xx_StdPeriph_Driver\src\stm32f4xx_flash.o
FLASH_OB_GetBOR                                   Drivers\STM32F4xx_StdPeriph_Driver\src\stm32f4xx_flash.o
FLASH_OB_GetPCROP                                 Drivers\STM32F4xx_StdPeriph_Driver\src\stm32f4xx_flash.o
FLASH_OB_GetPCROP1                                Drivers\STM32F4xx_StdPeriph_Driver\src\stm32f4xx_flash.o
FLASH_OB_GetRDP                                   Drivers\STM32F4xx_StdPeriph_Driver\src\stm32f4xx_flash.o
FLASH_OB_GetUser                                  Drivers\STM32F4xx_StdPeriph_Driver\src\stm32f4xx_flash.o
FLASH_OB_GetWRP                                   Drivers\STM32F4xx_StdPeriph_Driver\src\stm32f4xx_flash.o
FLASH_OB_GetWRP1                                  Drivers\STM32F4xx_StdPeriph_Driver\src\stm32f4xx_flash.o
FLASH_OB_Launch                                   Drivers\STM32F4xx_StdPeriph_Driver\src\stm32f4xx_flash.o
FLASH_OB_Lock                                     Drivers\STM32F4xx_StdPeriph_Driver\src\stm32f4xx_flash.o
FLASH_OB_PCROP1Config                             Drivers\STM32F4xx_StdPeriph_Driver\src\stm32f4xx_flash.o
FLASH_OB_PCROPConfig                              Drivers\STM32F4xx_StdPeriph_Driver\src\stm32f4xx_flash.o
FLASH_OB_PCROPSelectionConfig                     Drivers\STM32F4xx_StdPeriph_Driver\src\stm32f4xx_flash.o
FLASH_OB_RDPConfig                                Drivers\STM32F4xx_StdPeriph_Driver\src\stm32f4xx_flash.o
FLASH_OB_Unlock                                   Drivers\STM32F4xx_StdPeriph_Driver\src\stm32f4xx_flash.o
FLASH_OB_UserConfig                               Drivers\STM32F4xx_StdPeriph_Driver\src\stm32f4xx_flash.o
FLASH_OB_WRP1Config                               Drivers\STM32F4xx_StdPeriph_Driver\src\stm32f4xx_flash.o
FLASH_OB_WRPConfig                                Drivers\STM32F4xx_StdPeriph_Driver\src\stm32f4xx_flash.o
FLASH_PrefetchBufferCmd                           Drivers\STM32F4xx_StdPeriph_Driver\src\stm32f4xx_flash.o
FLASH_ProgramByte                                 Drivers\STM32F4xx_StdPeriph_Driver\src\stm32f4xx_flash.o
FLASH_ProgramDoubleWord                           Drivers\STM32F4xx_StdPeriph_Driver\src\stm32f4xx_flash.o
FLASH_ProgramHalfWord                             Drivers\STM32F4xx_StdPeriph_Driver\src\stm32f4xx_flash.o
FLASH_ProgramWord                                 Drivers\STM32F4xx_StdPeriph_Driver\src\stm32f4xx_flash.o
FLASH_SetLatency                                  Drivers\STM32F4xx_StdPeriph_Driver\src\stm32f4xx_flash.o
FLASH_Unlock                                      Drivers\STM32F4xx_StdPeriph_Driver\src\stm32f4xx_flash.o
FLASH_WaitForLastOperation                        Drivers\STM32F4xx_StdPeriph_Driver\src\stm32f4xx_flash.o
FPU_IRQHandler                                    src\startup_stm32f411xe.o
GPIO_DeInit                                       Drivers\STM32F4xx_StdPeriph_Driver\src\stm32f4xx_gpio.o
GPIO_Init                                         Drivers\STM32F4xx_StdPeriph_Driver\src\stm32f4xx_gpio.o
                                                  src\main.o
GPIO_PinAFConfig                                  Drivers\STM32F4xx_StdPeriph_Driver\src\stm32f4xx_gpio.o
GPIO_PinLockConfig                                Drivers\STM32F4xx_StdPeriph_Driver\src\stm32f4xx_gpio.o
GPIO_ReadInputData                                Drivers\STM32F4xx_StdPeriph_Driver\src\stm32f4xx_gpio.o
GPIO_ReadInputDataBit                             Drivers\STM32F4xx_StdPeriph_Driver\src\stm32f4xx_gpio.o
GPIO_ReadOutputData                               Drivers\STM32F4xx_StdPeriph_Driver\src\stm32f4xx_gpio.o
GPIO_ReadOutputDataBit                            Drivers\STM32F4xx_StdPeriph_Driver\src\stm32f4xx_gpio.o
GPIO_ResetBits                                    Drivers\STM32F4xx_StdPeriph_Driver\src\stm32f4xx_gpio.o
GPIO_SetBits                                      Drivers\STM32F4xx_StdPeriph_Driver\src\stm32f4xx_gpio.o
GPIO_StructInit                                   Drivers\STM32F4xx_StdPeriph_Driver\src\stm32f4xx_gpio.o
GPIO_ToggleBits                                   Drivers\STM32F4xx_StdPeriph_Driver\src\stm32f4xx_gpio.o
                                                  src\main.o
GPIO_Write                                        Drivers\STM32F4xx_StdPeriph_Driver\src\stm32f4xx_gpio.o
GPIO_WriteBit                                     Drivers\STM32F4xx_StdPeriph_Driver\src\stm32f4xx_gpio.o
HASH_AutoStartDigest                              Drivers\STM32F4xx_StdPeriph_Driver\src\stm32f4xx_hash.o
HASH_ClearFlag                                    Drivers\STM32F4xx_StdPeriph_Driver\src\stm32f4xx_hash.o
HASH_ClearITPendingBit                            Drivers\STM32F4xx_StdPeriph_Driver\src\stm32f4xx_hash.o
HASH_DMACmd                                       Drivers\STM32F4xx_StdPeriph_Driver\src\stm32f4xx_hash.o
HASH_DataIn                                       Drivers\STM32F4xx_StdPeriph_Driver\src\stm32f4xx_hash.o
                                                  Drivers\STM32F4xx_StdPeriph_Driver\src\stm32f4xx_hash_sha1.o
                                                  Drivers\STM32F4xx_StdPeriph_Driver\src\stm32f4xx_hash_md5.o
HASH_DeInit                                       Drivers\STM32F4xx_StdPeriph_Driver\src\stm32f4xx_hash.o
                                                  Drivers\STM32F4xx_StdPeriph_Driver\src\stm32f4xx_hash_sha1.o
                                                  Drivers\STM32F4xx_StdPeriph_Driver\src\stm32f4xx_hash_md5.o
HASH_GetDigest                                    Drivers\STM32F4xx_StdPeriph_Driver\src\stm32f4xx_hash.o
                                                  Drivers\STM32F4xx_StdPeriph_Driver\src\stm32f4xx_hash_sha1.o
                                                  Drivers\STM32F4xx_StdPeriph_Driver\src\stm32f4xx_hash_md5.o
HASH_GetFlagStatus                                Drivers\STM32F4xx_StdPeriph_Driver\src\stm32f4xx_hash.o
                                                  Drivers\STM32F4xx_StdPeriph_Driver\src\stm32f4xx_hash_sha1.o
                                                  Drivers\STM32F4xx_StdPeriph_Driver\src\stm32f4xx_hash_md5.o
HASH_GetITStatus                                  Drivers\STM32F4xx_StdPeriph_Driver\src\stm32f4xx_hash.o
HASH_GetInFIFOWordsNbr                            Drivers\STM32F4xx_StdPeriph_Driver\src\stm32f4xx_hash.o
HASH_ITConfig                                     Drivers\STM32F4xx_StdPeriph_Driver\src\stm32f4xx_hash.o
HASH_Init                                         Drivers\STM32F4xx_StdPeriph_Driver\src\stm32f4xx_hash.o
                                                  Drivers\STM32F4xx_StdPeriph_Driver\src\stm32f4xx_hash_sha1.o
                                                  Drivers\STM32F4xx_StdPeriph_Driver\src\stm32f4xx_hash_md5.o
HASH_MD5                                          Drivers\STM32F4xx_StdPeriph_Driver\src\stm32f4xx_hash_md5.o
HASH_Reset                                        Drivers\STM32F4xx_StdPeriph_Driver\src\stm32f4xx_hash.o
HASH_RestoreContext                               Drivers\STM32F4xx_StdPeriph_Driver\src\stm32f4xx_hash.o
HASH_SHA1                                         Drivers\STM32F4xx_StdPeriph_Driver\src\stm32f4xx_hash_sha1.o
HASH_SaveContext                                  Drivers\STM32F4xx_StdPeriph_Driver\src\stm32f4xx_hash.o
HASH_SetLastWordValidBitsNbr                      Drivers\STM32F4xx_StdPeriph_Driver\src\stm32f4xx_hash.o
                                                  Drivers\STM32F4xx_StdPeriph_Driver\src\stm32f4xx_hash_sha1.o
                                                  Drivers\STM32F4xx_StdPeriph_Driver\src\stm32f4xx_hash_md5.o
HASH_StartDigest                                  Drivers\STM32F4xx_StdPeriph_Driver\src\stm32f4xx_hash.o
                                                  Drivers\STM32F4xx_StdPeriph_Driver\src\stm32f4xx_hash_sha1.o
                                                  Drivers\STM32F4xx_StdPeriph_Driver\src\stm32f4xx_hash_md5.o
HASH_StructInit                                   Drivers\STM32F4xx_StdPeriph_Driver\src\stm32f4xx_hash.o
HMAC_MD5                                          Drivers\STM32F4xx_StdPeriph_Driver\src\stm32f4xx_hash_md5.o
HMAC_SHA1                                         Drivers\STM32F4xx_StdPeriph_Driver\src\stm32f4xx_hash_sha1.o
HardFault_Handler                                 src\stm32f4xx_it.o
                                                  src\startup_stm32f411xe.o
I2C1_ER_IRQHandler                                src\startup_stm32f411xe.o
I2C1_EV_IRQHandler                                src\startup_stm32f411xe.o
I2C2_ER_IRQHandler                                src\startup_stm32f411xe.o
I2C2_EV_IRQHandler                                src\startup_stm32f411xe.o
I2C3_ER_IRQHandler                                src\startup_stm32f411xe.o
I2C3_EV_IRQHandler                                src\startup_stm32f411xe.o
I2C_ARPCmd                                        Drivers\STM32F4xx_StdPeriph_Driver\src\stm32f4xx_i2c.o
I2C_AcknowledgeConfig                             Drivers\STM32F4xx_StdPeriph_Driver\src\stm32f4xx_i2c.o
I2C_AnalogFilterCmd                               Drivers\STM32F4xx_StdPeriph_Driver\src\stm32f4xx_i2c.o
I2C_CalculatePEC                                  Drivers\STM32F4xx_StdPeriph_Driver\src\stm32f4xx_i2c.o
I2C_CheckEvent                                    Drivers\STM32F4xx_StdPeriph_Driver\src\stm32f4xx_i2c.o
I2C_ClearFlag                                     Drivers\STM32F4xx_StdPeriph_Driver\src\stm32f4xx_i2c.o
I2C_ClearITPendingBit                             Drivers\STM32F4xx_StdPeriph_Driver\src\stm32f4xx_i2c.o
I2C_Cmd                                           Drivers\STM32F4xx_StdPeriph_Driver\src\stm32f4xx_i2c.o
I2C_DMACmd                                        Drivers\STM32F4xx_StdPeriph_Driver\src\stm32f4xx_i2c.o
I2C_DMALastTransferCmd                            Drivers\STM32F4xx_StdPeriph_Driver\src\stm32f4xx_i2c.o
I2C_DeInit                                        Drivers\STM32F4xx_StdPeriph_Driver\src\stm32f4xx_i2c.o
I2C_DigitalFilterConfig                           Drivers\STM32F4xx_StdPeriph_Driver\src\stm32f4xx_i2c.o
I2C_DualAddressCmd                                Drivers\STM32F4xx_StdPeriph_Driver\src\stm32f4xx_i2c.o
I2C_FastModeDutyCycleConfig                       Drivers\STM32F4xx_StdPeriph_Driver\src\stm32f4xx_i2c.o
I2C_GeneralCallCmd                                Drivers\STM32F4xx_StdPeriph_Driver\src\stm32f4xx_i2c.o
I2C_GenerateSTART                                 Drivers\STM32F4xx_StdPeriph_Driver\src\stm32f4xx_i2c.o
I2C_GenerateSTOP                                  Drivers\STM32F4xx_StdPeriph_Driver\src\stm32f4xx_i2c.o
I2C_GetFlagStatus                                 Drivers\STM32F4xx_StdPeriph_Driver\src\stm32f4xx_i2c.o
I2C_GetITStatus                                   Drivers\STM32F4xx_StdPeriph_Driver\src\stm32f4xx_i2c.o
I2C_GetLastEvent                                  Drivers\STM32F4xx_StdPeriph_Driver\src\stm32f4xx_i2c.o
I2C_GetPEC                                        Drivers\STM32F4xx_StdPeriph_Driver\src\stm32f4xx_i2c.o
I2C_ITConfig                                      Drivers\STM32F4xx_StdPeriph_Driver\src\stm32f4xx_i2c.o
I2C_Init                                          Drivers\STM32F4xx_StdPeriph_Driver\src\stm32f4xx_i2c.o
I2C_NACKPositionConfig                            Drivers\STM32F4xx_StdPeriph_Driver\src\stm32f4xx_i2c.o
I2C_OwnAddress2Config                             Drivers\STM32F4xx_StdPeriph_Driver\src\stm32f4xx_i2c.o
I2C_PECPositionConfig                             Drivers\STM32F4xx_StdPeriph_Driver\src\stm32f4xx_i2c.o
I2C_ReadRegister                                  Drivers\STM32F4xx_StdPeriph_Driver\src\stm32f4xx_i2c.o
I2C_ReceiveData                                   Drivers\STM32F4xx_StdPeriph_Driver\src\stm32f4xx_i2c.o
I2C_SMBusAlertConfig                              Drivers\STM32F4xx_StdPeriph_Driver\src\stm32f4xx_i2c.o
I2C_Send7bitAddress                               Drivers\STM32F4xx_StdPeriph_Driver\src\stm32f4xx_i2c.o
I2C_SendData                                      Drivers\STM32F4xx_StdPeriph_Driver\src\stm32f4xx_i2c.o
I2C_SoftwareResetCmd                              Drivers\STM32F4xx_StdPeriph_Driver\src\stm32f4xx_i2c.o
I2C_StretchClockCmd                               Drivers\STM32F4xx_StdPeriph_Driver\src\stm32f4xx_i2c.o
I2C_StructInit                                    Drivers\STM32F4xx_StdPeriph_Driver\src\stm32f4xx_i2c.o
I2C_TransmitPEC                                   Drivers\STM32F4xx_StdPeriph_Driver\src\stm32f4xx_i2c.o
I2S_Cmd                                           Drivers\STM32F4xx_StdPeriph_Driver\src\stm32f4xx_spi.o
I2S_FullDuplexConfig                              Drivers\STM32F4xx_StdPeriph_Driver\src\stm32f4xx_spi.o
I2S_Init                                          Drivers\STM32F4xx_StdPeriph_Driver\src\stm32f4xx_spi.o
I2S_StructInit                                    Drivers\STM32F4xx_StdPeriph_Driver\src\stm32f4xx_spi.o
IWDG_Enable                                       Drivers\STM32F4xx_StdPeriph_Driver\src\stm32f4xx_iwdg.o
IWDG_GetFlagStatus                                Drivers\STM32F4xx_StdPeriph_Driver\src\stm32f4xx_iwdg.o
IWDG_ReloadCounter                                Drivers\STM32F4xx_StdPeriph_Driver\src\stm32f4xx_iwdg.o
IWDG_SetPrescaler                                 Drivers\STM32F4xx_StdPeriph_Driver\src\stm32f4xx_iwdg.o
IWDG_SetReload                                    Drivers\STM32F4xx_StdPeriph_Driver\src\stm32f4xx_iwdg.o
IWDG_WriteAccessCmd                               Drivers\STM32F4xx_StdPeriph_Driver\src\stm32f4xx_iwdg.o
LTDC_CLUTCmd                                      Drivers\STM32F4xx_StdPeriph_Driver\src\stm32f4xx_ltdc.o
LTDC_CLUTInit                                     Drivers\STM32F4xx_StdPeriph_Driver\src\stm32f4xx_ltdc.o
LTDC_CLUTStructInit                               Drivers\STM32F4xx_StdPeriph_Driver\src\stm32f4xx_ltdc.o
LTDC_ClearFlag                                    Drivers\STM32F4xx_StdPeriph_Driver\src\stm32f4xx_ltdc.o
LTDC_ClearITPendingBit                            Drivers\STM32F4xx_StdPeriph_Driver\src\stm32f4xx_ltdc.o
LTDC_Cmd                                          Drivers\STM32F4xx_StdPeriph_Driver\src\stm32f4xx_ltdc.o
LTDC_ColorKeyingConfig                            Drivers\STM32F4xx_StdPeriph_Driver\src\stm32f4xx_ltdc.o
LTDC_ColorKeyingStructInit                        Drivers\STM32F4xx_StdPeriph_Driver\src\stm32f4xx_ltdc.o
LTDC_DeInit                                       Drivers\STM32F4xx_StdPeriph_Driver\src\stm32f4xx_ltdc.o
LTDC_DitherCmd                                    Drivers\STM32F4xx_StdPeriph_Driver\src\stm32f4xx_ltdc.o
LTDC_GetCDStatus                                  Drivers\STM32F4xx_StdPeriph_Driver\src\stm32f4xx_ltdc.o
LTDC_GetFlagStatus                                Drivers\STM32F4xx_StdPeriph_Driver\src\stm32f4xx_ltdc.o
LTDC_GetITStatus                                  Drivers\STM32F4xx_StdPeriph_Driver\src\stm32f4xx_ltdc.o
LTDC_GetPosStatus                                 Drivers\STM32F4xx_StdPeriph_Driver\src\stm32f4xx_ltdc.o
LTDC_GetRGBWidth                                  Drivers\STM32F4xx_StdPeriph_Driver\src\stm32f4xx_ltdc.o
LTDC_ITConfig                                     Drivers\STM32F4xx_StdPeriph_Driver\src\stm32f4xx_ltdc.o
LTDC_Init                                         Drivers\STM32F4xx_StdPeriph_Driver\src\stm32f4xx_ltdc.o
LTDC_LIPConfig                                    Drivers\STM32F4xx_StdPeriph_Driver\src\stm32f4xx_ltdc.o
LTDC_LayerAddress                                 Drivers\STM32F4xx_StdPeriph_Driver\src\stm32f4xx_ltdc.o
LTDC_LayerAlpha                                   Drivers\STM32F4xx_StdPeriph_Driver\src\stm32f4xx_ltdc.o
LTDC_LayerCmd                                     Drivers\STM32F4xx_StdPeriph_Driver\src\stm32f4xx_ltdc.o
LTDC_LayerInit                                    Drivers\STM32F4xx_StdPeriph_Driver\src\stm32f4xx_ltdc.o
LTDC_LayerPixelFormat                             Drivers\STM32F4xx_StdPeriph_Driver\src\stm32f4xx_ltdc.o
LTDC_LayerPosition                                Drivers\STM32F4xx_StdPeriph_Driver\src\stm32f4xx_ltdc.o
LTDC_LayerSize                                    Drivers\STM32F4xx_StdPeriph_Driver\src\stm32f4xx_ltdc.o
LTDC_LayerStructInit                              Drivers\STM32F4xx_StdPeriph_Driver\src\stm32f4xx_ltdc.o
LTDC_PosStructInit                                Drivers\STM32F4xx_StdPeriph_Driver\src\stm32f4xx_ltdc.o
LTDC_RGBStructInit                                Drivers\STM32F4xx_StdPeriph_Driver\src\stm32f4xx_ltdc.o
LTDC_ReloadConfig                                 Drivers\STM32F4xx_StdPeriph_Driver\src\stm32f4xx_ltdc.o
LTDC_StructInit                                   Drivers\STM32F4xx_StdPeriph_Driver\src\stm32f4xx_ltdc.o
MemManage_Handler                                 src\stm32f4xx_it.o
                                                  src\startup_stm32f411xe.o
NMI_Handler                                       src\stm32f4xx_it.o
                                                  src\startup_stm32f411xe.o
NVIC_Init                                         Drivers\STM32F4xx_StdPeriph_Driver\src\misc.o
NVIC_PriorityGroupConfig                          Drivers\STM32F4xx_StdPeriph_Driver\src\misc.o
NVIC_SetVectorTable                               Drivers\STM32F4xx_StdPeriph_Driver\src\misc.o
NVIC_SystemLPConfig                               Drivers\STM32F4xx_StdPeriph_Driver\src\misc.o
OTG_FS_IRQHandler                                 src\startup_stm32f411xe.o
OTG_FS_WKUP_IRQHandler                            src\startup_stm32f411xe.o
PVD_IRQHandler                                    src\startup_stm32f411xe.o
PWR_BackupAccessCmd                               Drivers\STM32F4xx_StdPeriph_Driver\src\stm32f4xx_pwr.o
PWR_BackupRegulatorCmd                            Drivers\STM32F4xx_StdPeriph_Driver\src\stm32f4xx_pwr.o
PWR_ClearFlag                                     Drivers\STM32F4xx_StdPeriph_Driver\src\stm32f4xx_pwr.o
PWR_DeInit                                        Drivers\STM32F4xx_StdPeriph_Driver\src\stm32f4xx_pwr.o
PWR_EnterSTANDBYMode                              Drivers\STM32F4xx_StdPeriph_Driver\src\stm32f4xx_pwr.o
PWR_EnterSTOPMode                                 Drivers\STM32F4xx_StdPeriph_Driver\src\stm32f4xx_pwr.o
PWR_EnterUnderDriveSTOPMode                       Drivers\STM32F4xx_StdPeriph_Driver\src\stm32f4xx_pwr.o
PWR_FlashPowerDownCmd                             Drivers\STM32F4xx_StdPeriph_Driver\src\stm32f4xx_pwr.o
PWR_GetFlagStatus                                 Drivers\STM32F4xx_StdPeriph_Driver\src\stm32f4xx_pwr.o
PWR_LowRegulatorLowVoltageCmd                     Drivers\STM32F4xx_StdPeriph_Driver\src\stm32f4xx_pwr.o
PWR_MainRegulatorLowVoltageCmd                    Drivers\STM32F4xx_StdPeriph_Driver\src\stm32f4xx_pwr.o
PWR_MainRegulatorModeConfig                       Drivers\STM32F4xx_StdPeriph_Driver\src\stm32f4xx_pwr.o
PWR_OverDriveCmd                                  Drivers\STM32F4xx_StdPeriph_Driver\src\stm32f4xx_pwr.o
PWR_OverDriveSWCmd                                Drivers\STM32F4xx_StdPeriph_Driver\src\stm32f4xx_pwr.o
PWR_PVDCmd                                        Drivers\STM32F4xx_StdPeriph_Driver\src\stm32f4xx_pwr.o
PWR_PVDLevelConfig                                Drivers\STM32F4xx_StdPeriph_Driver\src\stm32f4xx_pwr.o
PWR_UnderDriveCmd                                 Drivers\STM32F4xx_StdPeriph_Driver\src\stm32f4xx_pwr.o
PWR_WakeUpPinCmd                                  Drivers\STM32F4xx_StdPeriph_Driver\src\stm32f4xx_pwr.o
PendSV_Handler                                    src\stm32f4xx_it.o
                                                  src\startup_stm32f411xe.o
RCC_AHB1PeriphClockCmd                            Drivers\STM32F4xx_StdPeriph_Driver\src\stm32f4xx_rcc.o
                                                  src\main.o
RCC_AHB1PeriphClockLPModeCmd                      Drivers\STM32F4xx_StdPeriph_Driver\src\stm32f4xx_rcc.o
RCC_AHB1PeriphResetCmd                            Drivers\STM32F4xx_StdPeriph_Driver\src\stm32f4xx_rcc.o
                                                  Drivers\STM32F4xx_StdPeriph_Driver\src\stm32f4xx_gpio.o
                                                  Drivers\STM32F4xx_StdPeriph_Driver\src\stm32f4xx_dma2d.o
RCC_AHB2PeriphClockCmd                            Drivers\STM32F4xx_StdPeriph_Driver\src\stm32f4xx_rcc.o
RCC_AHB2PeriphClockLPModeCmd                      Drivers\STM32F4xx_StdPeriph_Driver\src\stm32f4xx_rcc.o
RCC_AHB2PeriphResetCmd                            Drivers\STM32F4xx_StdPeriph_Driver\src\stm32f4xx_rcc.o
                                                  Drivers\STM32F4xx_StdPeriph_Driver\src\stm32f4xx_hash.o
                                                  Drivers\STM32F4xx_StdPeriph_Driver\src\stm32f4xx_cryp.o
RCC_APB1PeriphClockCmd                            Drivers\STM32F4xx_StdPeriph_Driver\src\stm32f4xx_rcc.o
RCC_APB1PeriphClockLPModeCmd                      Drivers\STM32F4xx_StdPeriph_Driver\src\stm32f4xx_rcc.o
RCC_APB1PeriphResetCmd                            Drivers\STM32F4xx_StdPeriph_Driver\src\stm32f4xx_rcc.o
                                                  Drivers\STM32F4xx_StdPeriph_Driver\src\stm32f4xx_wwdg.o
                                                  Drivers\STM32F4xx_StdPeriph_Driver\src\stm32f4xx_usart.o
                                                  Drivers\STM32F4xx_StdPeriph_Driver\src\stm32f4xx_tim.o
                                                  Drivers\STM32F4xx_StdPeriph_Driver\src\stm32f4xx_spi.o
                                                  Drivers\STM32F4xx_StdPeriph_Driver\src\stm32f4xx_pwr.o
                                                  Drivers\STM32F4xx_StdPeriph_Driver\src\stm32f4xx_i2c.o
                                                  Drivers\STM32F4xx_StdPeriph_Driver\src\stm32f4xx_dac.o
                                                  Drivers\STM32F4xx_StdPeriph_Driver\src\stm32f4xx_can.o
RCC_APB2PeriphClockCmd                            Drivers\STM32F4xx_StdPeriph_Driver\src\stm32f4xx_rcc.o
RCC_APB2PeriphClockLPModeCmd                      Drivers\STM32F4xx_StdPeriph_Driver\src\stm32f4xx_rcc.o
RCC_APB2PeriphResetCmd                            Drivers\STM32F4xx_StdPeriph_Driver\src\stm32f4xx_rcc.o
                                                  Drivers\STM32F4xx_StdPeriph_Driver\src\stm32f4xx_usart.o
                                                  Drivers\STM32F4xx_StdPeriph_Driver\src\stm32f4xx_tim.o
                                                  Drivers\STM32F4xx_StdPeriph_Driver\src\stm32f4xx_syscfg.o
                                                  Drivers\STM32F4xx_StdPeriph_Driver\src\stm32f4xx_spi.o
                                                  Drivers\STM32F4xx_StdPeriph_Driver\src\stm32f4xx_sdio.o
                                                  Drivers\STM32F4xx_StdPeriph_Driver\src\stm32f4xx_sai.o
                                                  Drivers\STM32F4xx_StdPeriph_Driver\src\stm32f4xx_ltdc.o
                                                  Drivers\STM32F4xx_StdPeriph_Driver\src\stm32f4xx_adc.o
RCC_AdjustHSICalibrationValue                     Drivers\STM32F4xx_StdPeriph_Driver\src\stm32f4xx_rcc.o
RCC_BackupResetCmd                                Drivers\STM32F4xx_StdPeriph_Driver\src\stm32f4xx_rcc.o
RCC_ClearFlag                                     Drivers\STM32F4xx_StdPeriph_Driver\src\stm32f4xx_rcc.o
RCC_ClearITPendingBit                             Drivers\STM32F4xx_StdPeriph_Driver\src\stm32f4xx_rcc.o
RCC_ClockSecuritySystemCmd                        Drivers\STM32F4xx_StdPeriph_Driver\src\stm32f4xx_rcc.o
RCC_Clocks                                        src\main.o
RCC_DeInit                                        Drivers\STM32F4xx_StdPeriph_Driver\src\stm32f4xx_rcc.o
RCC_GetClocksFreq                                 Drivers\STM32F4xx_StdPeriph_Driver\src\stm32f4xx_rcc.o
                                                  src\main.o
                                                  Drivers\STM32F4xx_StdPeriph_Driver\src\stm32f4xx_usart.o
                                                  Drivers\STM32F4xx_StdPeriph_Driver\src\stm32f4xx_i2c.o
RCC_GetFlagStatus                                 Drivers\STM32F4xx_StdPeriph_Driver\src\stm32f4xx_rcc.o
RCC_GetITStatus                                   Drivers\STM32F4xx_StdPeriph_Driver\src\stm32f4xx_rcc.o
RCC_GetSYSCLKSource                               Drivers\STM32F4xx_StdPeriph_Driver\src\stm32f4xx_rcc.o
RCC_HCLKConfig                                    Drivers\STM32F4xx_StdPeriph_Driver\src\stm32f4xx_rcc.o
RCC_HSEConfig                                     Drivers\STM32F4xx_StdPeriph_Driver\src\stm32f4xx_rcc.o
RCC_HSICmd                                        Drivers\STM32F4xx_StdPeriph_Driver\src\stm32f4xx_rcc.o
RCC_I2SCLKConfig                                  Drivers\STM32F4xx_StdPeriph_Driver\src\stm32f4xx_rcc.o
RCC_IRQHandler                                    src\startup_stm32f411xe.o
RCC_ITConfig                                      Drivers\STM32F4xx_StdPeriph_Driver\src\stm32f4xx_rcc.o
RCC_LSEConfig                                     Drivers\STM32F4xx_StdPeriph_Driver\src\stm32f4xx_rcc.o
RCC_LSEModeConfig                                 Drivers\STM32F4xx_StdPeriph_Driver\src\stm32f4xx_rcc.o
RCC_LSICmd                                        Drivers\STM32F4xx_StdPeriph_Driver\src\stm32f4xx_rcc.o
RCC_LTDCCLKDivConfig                              Drivers\STM32F4xx_StdPeriph_Driver\src\stm32f4xx_rcc.o
RCC_MCO1Config                                    Drivers\STM32F4xx_StdPeriph_Driver\src\stm32f4xx_rcc.o
RCC_MCO2Config                                    Drivers\STM32F4xx_StdPeriph_Driver\src\stm32f4xx_rcc.o
RCC_PCLK1Config                                   Drivers\STM32F4xx_StdPeriph_Driver\src\stm32f4xx_rcc.o
RCC_PCLK2Config                                   Drivers\STM32F4xx_StdPeriph_Driver\src\stm32f4xx_rcc.o
RCC_PLLCmd                                        Drivers\STM32F4xx_StdPeriph_Driver\src\stm32f4xx_rcc.o
RCC_PLLConfig                                     Drivers\STM32F4xx_StdPeriph_Driver\src\stm32f4xx_rcc.o
RCC_PLLI2SCmd                                     Drivers\STM32F4xx_StdPeriph_Driver\src\stm32f4xx_rcc.o
RCC_PLLI2SConfig                                  Drivers\STM32F4xx_StdPeriph_Driver\src\stm32f4xx_rcc.o
RCC_PLLSAICmd                                     Drivers\STM32F4xx_StdPeriph_Driver\src\stm32f4xx_rcc.o
RCC_PLLSAIConfig                                  Drivers\STM32F4xx_StdPeriph_Driver\src\stm32f4xx_rcc.o
RCC_RTCCLKCmd                                     Drivers\STM32F4xx_StdPeriph_Driver\src\stm32f4xx_rcc.o
RCC_RTCCLKConfig                                  Drivers\STM32F4xx_StdPeriph_Driver\src\stm32f4xx_rcc.o
RCC_SAIPLLI2SClkDivConfig                         Drivers\STM32F4xx_StdPeriph_Driver\src\stm32f4xx_rcc.o
RCC_SAIPLLSAIClkDivConfig                         Drivers\STM32F4xx_StdPeriph_Driver\src\stm32f4xx_rcc.o
RCC_SYSCLKConfig                                  Drivers\STM32F4xx_StdPeriph_Driver\src\stm32f4xx_rcc.o
RCC_TIMCLKPresConfig                              Drivers\STM32F4xx_StdPeriph_Driver\src\stm32f4xx_rcc.o
RCC_WaitForHSEStartUp                             Drivers\STM32F4xx_StdPeriph_Driver\src\stm32f4xx_rcc.o
RTC_AlarmCmd                                      Drivers\STM32F4xx_StdPeriph_Driver\src\stm32f4xx_rtc.o
RTC_AlarmStructInit                               Drivers\STM32F4xx_StdPeriph_Driver\src\stm32f4xx_rtc.o
RTC_AlarmSubSecondConfig                          Drivers\STM32F4xx_StdPeriph_Driver\src\stm32f4xx_rtc.o
RTC_Alarm_IRQHandler                              src\startup_stm32f411xe.o
RTC_BypassShadowCmd                               Drivers\STM32F4xx_StdPeriph_Driver\src\stm32f4xx_rtc.o
RTC_CalibOutputCmd                                Drivers\STM32F4xx_StdPeriph_Driver\src\stm32f4xx_rtc.o
RTC_CalibOutputConfig                             Drivers\STM32F4xx_StdPeriph_Driver\src\stm32f4xx_rtc.o
RTC_ClearFlag                                     Drivers\STM32F4xx_StdPeriph_Driver\src\stm32f4xx_rtc.o
RTC_ClearITPendingBit                             Drivers\STM32F4xx_StdPeriph_Driver\src\stm32f4xx_rtc.o
RTC_CoarseCalibCmd                                Drivers\STM32F4xx_StdPeriph_Driver\src\stm32f4xx_rtc.o
RTC_CoarseCalibConfig                             Drivers\STM32F4xx_StdPeriph_Driver\src\stm32f4xx_rtc.o
RTC_DateStructInit                                Drivers\STM32F4xx_StdPeriph_Driver\src\stm32f4xx_rtc.o
RTC_DayLightSavingConfig                          Drivers\STM32F4xx_StdPeriph_Driver\src\stm32f4xx_rtc.o
RTC_DeInit                                        Drivers\STM32F4xx_StdPeriph_Driver\src\stm32f4xx_rtc.o
RTC_EnterInitMode                                 Drivers\STM32F4xx_StdPeriph_Driver\src\stm32f4xx_rtc.o
RTC_ExitInitMode                                  Drivers\STM32F4xx_StdPeriph_Driver\src\stm32f4xx_rtc.o
RTC_GetAlarm                                      Drivers\STM32F4xx_StdPeriph_Driver\src\stm32f4xx_rtc.o
RTC_GetAlarmSubSecond                             Drivers\STM32F4xx_StdPeriph_Driver\src\stm32f4xx_rtc.o
RTC_GetDate                                       Drivers\STM32F4xx_StdPeriph_Driver\src\stm32f4xx_rtc.o
RTC_GetFlagStatus                                 Drivers\STM32F4xx_StdPeriph_Driver\src\stm32f4xx_rtc.o
RTC_GetITStatus                                   Drivers\STM32F4xx_StdPeriph_Driver\src\stm32f4xx_rtc.o
RTC_GetStoreOperation                             Drivers\STM32F4xx_StdPeriph_Driver\src\stm32f4xx_rtc.o
RTC_GetSubSecond                                  Drivers\STM32F4xx_StdPeriph_Driver\src\stm32f4xx_rtc.o
RTC_GetTime                                       Drivers\STM32F4xx_StdPeriph_Driver\src\stm32f4xx_rtc.o
RTC_GetTimeStamp                                  Drivers\STM32F4xx_StdPeriph_Driver\src\stm32f4xx_rtc.o
RTC_GetTimeStampSubSecond                         Drivers\STM32F4xx_StdPeriph_Driver\src\stm32f4xx_rtc.o
RTC_GetWakeUpCounter                              Drivers\STM32F4xx_StdPeriph_Driver\src\stm32f4xx_rtc.o
RTC_ITConfig                                      Drivers\STM32F4xx_StdPeriph_Driver\src\stm32f4xx_rtc.o
RTC_Init                                          Drivers\STM32F4xx_StdPeriph_Driver\src\stm32f4xx_rtc.o
RTC_OutputConfig                                  Drivers\STM32F4xx_StdPeriph_Driver\src\stm32f4xx_rtc.o
RTC_OutputTypeConfig                              Drivers\STM32F4xx_StdPeriph_Driver\src\stm32f4xx_rtc.o
RTC_ReadBackupRegister                            Drivers\STM32F4xx_StdPeriph_Driver\src\stm32f4xx_rtc.o
RTC_RefClockCmd                                   Drivers\STM32F4xx_StdPeriph_Driver\src\stm32f4xx_rtc.o
RTC_SetAlarm                                      Drivers\STM32F4xx_StdPeriph_Driver\src\stm32f4xx_rtc.o
RTC_SetDate                                       Drivers\STM32F4xx_StdPeriph_Driver\src\stm32f4xx_rtc.o
RTC_SetTime                                       Drivers\STM32F4xx_StdPeriph_Driver\src\stm32f4xx_rtc.o
RTC_SetWakeUpCounter                              Drivers\STM32F4xx_StdPeriph_Driver\src\stm32f4xx_rtc.o
RTC_SmoothCalibConfig                             Drivers\STM32F4xx_StdPeriph_Driver\src\stm32f4xx_rtc.o
RTC_StructInit                                    Drivers\STM32F4xx_StdPeriph_Driver\src\stm32f4xx_rtc.o
RTC_SynchroShiftConfig                            Drivers\STM32F4xx_StdPeriph_Driver\src\stm32f4xx_rtc.o
RTC_TamperCmd                                     Drivers\STM32F4xx_StdPeriph_Driver\src\stm32f4xx_rtc.o
RTC_TamperFilterConfig                            Drivers\STM32F4xx_StdPeriph_Driver\src\stm32f4xx_rtc.o
RTC_TamperPinSelection                            Drivers\STM32F4xx_StdPeriph_Driver\src\stm32f4xx_rtc.o
RTC_TamperPinsPrechargeDuration                   Drivers\STM32F4xx_StdPeriph_Driver\src\stm32f4xx_rtc.o
RTC_TamperPullUpCmd                               Drivers\STM32F4xx_StdPeriph_Driver\src\stm32f4xx_rtc.o
RTC_TamperSamplingFreqConfig                      Drivers\STM32F4xx_StdPeriph_Driver\src\stm32f4xx_rtc.o
RTC_TamperTriggerConfig                           Drivers\STM32F4xx_StdPeriph_Driver\src\stm32f4xx_rtc.o
RTC_TimeStampCmd                                  Drivers\STM32F4xx_StdPeriph_Driver\src\stm32f4xx_rtc.o
RTC_TimeStampOnTamperDetectionCmd                 Drivers\STM32F4xx_StdPeriph_Driver\src\stm32f4xx_rtc.o
RTC_TimeStampPinSelection                         Drivers\STM32F4xx_StdPeriph_Driver\src\stm32f4xx_rtc.o
RTC_TimeStructInit                                Drivers\STM32F4xx_StdPeriph_Driver\src\stm32f4xx_rtc.o
RTC_WKUP_IRQHandler                               src\startup_stm32f411xe.o
RTC_WaitForSynchro                                Drivers\STM32F4xx_StdPeriph_Driver\src\stm32f4xx_rtc.o
RTC_WakeUpClockConfig                             Drivers\STM32F4xx_StdPeriph_Driver\src\stm32f4xx_rtc.o
RTC_WakeUpCmd                                     Drivers\STM32F4xx_StdPeriph_Driver\src\stm32f4xx_rtc.o
RTC_WriteBackupRegister                           Drivers\STM32F4xx_StdPeriph_Driver\src\stm32f4xx_rtc.o
RTC_WriteProtectionCmd                            Drivers\STM32F4xx_StdPeriph_Driver\src\stm32f4xx_rtc.o
Reset_Handler                                     src\startup_stm32f411xe.o
SAI_ClearFlag                                     Drivers\STM32F4xx_StdPeriph_Driver\src\stm32f4xx_sai.o
SAI_ClearITPendingBit                             Drivers\STM32F4xx_StdPeriph_Driver\src\stm32f4xx_sai.o
SAI_Cmd                                           Drivers\STM32F4xx_StdPeriph_Driver\src\stm32f4xx_sai.o
SAI_CompandingModeConfig                          Drivers\STM32F4xx_StdPeriph_Driver\src\stm32f4xx_sai.o
SAI_DMACmd                                        Drivers\STM32F4xx_StdPeriph_Driver\src\stm32f4xx_sai.o
SAI_DeInit                                        Drivers\STM32F4xx_StdPeriph_Driver\src\stm32f4xx_sai.o
SAI_FlushFIFO                                     Drivers\STM32F4xx_StdPeriph_Driver\src\stm32f4xx_sai.o
SAI_FrameInit                                     Drivers\STM32F4xx_StdPeriph_Driver\src\stm32f4xx_sai.o
SAI_FrameStructInit                               Drivers\STM32F4xx_StdPeriph_Driver\src\stm32f4xx_sai.o
SAI_GetCmdStatus                                  Drivers\STM32F4xx_StdPeriph_Driver\src\stm32f4xx_sai.o
SAI_GetFIFOStatus                                 Drivers\STM32F4xx_StdPeriph_Driver\src\stm32f4xx_sai.o
SAI_GetFlagStatus                                 Drivers\STM32F4xx_StdPeriph_Driver\src\stm32f4xx_sai.o
SAI_GetITStatus                                   Drivers\STM32F4xx_StdPeriph_Driver\src\stm32f4xx_sai.o
SAI_ITConfig                                      Drivers\STM32F4xx_StdPeriph_Driver\src\stm32f4xx_sai.o
SAI_Init                                          Drivers\STM32F4xx_StdPeriph_Driver\src\stm32f4xx_sai.o
SAI_MonoModeConfig                                Drivers\STM32F4xx_StdPeriph_Driver\src\stm32f4xx_sai.o
SAI_MuteFrameCounterConfig                        Drivers\STM32F4xx_StdPeriph_Driver\src\stm32f4xx_sai.o
SAI_MuteModeCmd                                   Drivers\STM32F4xx_StdPeriph_Driver\src\stm32f4xx_sai.o
SAI_MuteValueConfig                               Drivers\STM32F4xx_StdPeriph_Driver\src\stm32f4xx_sai.o
SAI_ReceiveData                                   Drivers\STM32F4xx_StdPeriph_Driver\src\stm32f4xx_sai.o
SAI_SendData                                      Drivers\STM32F4xx_StdPeriph_Driver\src\stm32f4xx_sai.o
SAI_SlotInit                                      Drivers\STM32F4xx_StdPeriph_Driver\src\stm32f4xx_sai.o
SAI_SlotStructInit                                Drivers\STM32F4xx_StdPeriph_Driver\src\stm32f4xx_sai.o
SAI_StructInit                                    Drivers\STM32F4xx_StdPeriph_Driver\src\stm32f4xx_sai.o
SAI_TRIStateConfig                                Drivers\STM32F4xx_StdPeriph_Driver\src\stm32f4xx_sai.o
SDIO_CEATAITCmd                                   Drivers\STM32F4xx_StdPeriph_Driver\src\stm32f4xx_sdio.o
SDIO_ClearFlag                                    Drivers\STM32F4xx_StdPeriph_Driver\src\stm32f4xx_sdio.o
SDIO_ClearITPendingBit                            Drivers\STM32F4xx_StdPeriph_Driver\src\stm32f4xx_sdio.o
SDIO_ClockCmd                                     Drivers\STM32F4xx_StdPeriph_Driver\src\stm32f4xx_sdio.o
SDIO_CmdStructInit                                Drivers\STM32F4xx_StdPeriph_Driver\src\stm32f4xx_sdio.o
SDIO_CommandCompletionCmd                         Drivers\STM32F4xx_StdPeriph_Driver\src\stm32f4xx_sdio.o
SDIO_DMACmd                                       Drivers\STM32F4xx_StdPeriph_Driver\src\stm32f4xx_sdio.o
SDIO_DataConfig                                   Drivers\STM32F4xx_StdPeriph_Driver\src\stm32f4xx_sdio.o
SDIO_DataStructInit                               Drivers\STM32F4xx_StdPeriph_Driver\src\stm32f4xx_sdio.o
SDIO_DeInit                                       Drivers\STM32F4xx_StdPeriph_Driver\src\stm32f4xx_sdio.o
SDIO_GetCommandResponse                           Drivers\STM32F4xx_StdPeriph_Driver\src\stm32f4xx_sdio.o
SDIO_GetDataCounter                               Drivers\STM32F4xx_StdPeriph_Driver\src\stm32f4xx_sdio.o
SDIO_GetFIFOCount                                 Drivers\STM32F4xx_StdPeriph_Driver\src\stm32f4xx_sdio.o
SDIO_GetFlagStatus                                Drivers\STM32F4xx_StdPeriph_Driver\src\stm32f4xx_sdio.o
SDIO_GetITStatus                                  Drivers\STM32F4xx_StdPeriph_Driver\src\stm32f4xx_sdio.o
SDIO_GetPowerState                                Drivers\STM32F4xx_StdPeriph_Driver\src\stm32f4xx_sdio.o
SDIO_GetResponse                                  Drivers\STM32F4xx_StdPeriph_Driver\src\stm32f4xx_sdio.o
SDIO_IRQHandler                                   src\startup_stm32f411xe.o
SDIO_ITConfig                                     Drivers\STM32F4xx_StdPeriph_Driver\src\stm32f4xx_sdio.o
SDIO_Init                                         Drivers\STM32F4xx_StdPeriph_Driver\src\stm32f4xx_sdio.o
SDIO_ReadData                                     Drivers\STM32F4xx_StdPeriph_Driver\src\stm32f4xx_sdio.o
SDIO_SendCEATACmd                                 Drivers\STM32F4xx_StdPeriph_Driver\src\stm32f4xx_sdio.o
SDIO_SendCommand                                  Drivers\STM32F4xx_StdPeriph_Driver\src\stm32f4xx_sdio.o
SDIO_SendSDIOSuspendCmd                           Drivers\STM32F4xx_StdPeriph_Driver\src\stm32f4xx_sdio.o
SDIO_SetPowerState                                Drivers\STM32F4xx_StdPeriph_Driver\src\stm32f4xx_sdio.o
SDIO_SetSDIOOperation                             Drivers\STM32F4xx_StdPeriph_Driver\src\stm32f4xx_sdio.o
SDIO_SetSDIOReadWaitMode                          Drivers\STM32F4xx_StdPeriph_Driver\src\stm32f4xx_sdio.o
SDIO_StartSDIOReadWait                            Drivers\STM32F4xx_StdPeriph_Driver\src\stm32f4xx_sdio.o
SDIO_StopSDIOReadWait                             Drivers\STM32F4xx_StdPeriph_Driver\src\stm32f4xx_sdio.o
SDIO_StructInit                                   Drivers\STM32F4xx_StdPeriph_Driver\src\stm32f4xx_sdio.o
SDIO_WriteData                                    Drivers\STM32F4xx_StdPeriph_Driver\src\stm32f4xx_sdio.o
SPI1_IRQHandler                                   src\startup_stm32f411xe.o
SPI2_IRQHandler                                   src\startup_stm32f411xe.o
SPI3_IRQHandler                                   src\startup_stm32f411xe.o
SPI4_IRQHandler                                   src\startup_stm32f411xe.o
SPI5_IRQHandler                                   src\startup_stm32f411xe.o
SPI_BiDirectionalLineConfig                       Drivers\STM32F4xx_StdPeriph_Driver\src\stm32f4xx_spi.o
SPI_CalculateCRC                                  Drivers\STM32F4xx_StdPeriph_Driver\src\stm32f4xx_spi.o
SPI_Cmd                                           Drivers\STM32F4xx_StdPeriph_Driver\src\stm32f4xx_spi.o
SPI_DataSizeConfig                                Drivers\STM32F4xx_StdPeriph_Driver\src\stm32f4xx_spi.o
SPI_GetCRC                                        Drivers\STM32F4xx_StdPeriph_Driver\src\stm32f4xx_spi.o
SPI_GetCRCPolynomial                              Drivers\STM32F4xx_StdPeriph_Driver\src\stm32f4xx_spi.o
SPI_I2S_ClearFlag                                 Drivers\STM32F4xx_StdPeriph_Driver\src\stm32f4xx_spi.o
SPI_I2S_ClearITPendingBit                         Drivers\STM32F4xx_StdPeriph_Driver\src\stm32f4xx_spi.o
SPI_I2S_DMACmd                                    Drivers\STM32F4xx_StdPeriph_Driver\src\stm32f4xx_spi.o
SPI_I2S_DeInit                                    Drivers\STM32F4xx_StdPeriph_Driver\src\stm32f4xx_spi.o
SPI_I2S_GetFlagStatus                             Drivers\STM32F4xx_StdPeriph_Driver\src\stm32f4xx_spi.o
SPI_I2S_GetITStatus                               Drivers\STM32F4xx_StdPeriph_Driver\src\stm32f4xx_spi.o
SPI_I2S_ITConfig                                  Drivers\STM32F4xx_StdPeriph_Driver\src\stm32f4xx_spi.o
SPI_I2S_ReceiveData                               Drivers\STM32F4xx_StdPeriph_Driver\src\stm32f4xx_spi.o
SPI_I2S_SendData                                  Drivers\STM32F4xx_StdPeriph_Driver\src\stm32f4xx_spi.o
SPI_Init                                          Drivers\STM32F4xx_StdPeriph_Driver\src\stm32f4xx_spi.o
SPI_NSSInternalSoftwareConfig                     Drivers\STM32F4xx_StdPeriph_Driver\src\stm32f4xx_spi.o
SPI_SSOutputCmd                                   Drivers\STM32F4xx_StdPeriph_Driver\src\stm32f4xx_spi.o
SPI_StructInit                                    Drivers\STM32F4xx_StdPeriph_Driver\src\stm32f4xx_spi.o
SPI_TIModeCmd                                     Drivers\STM32F4xx_StdPeriph_Driver\src\stm32f4xx_spi.o
SPI_TransmitCRC                                   Drivers\STM32F4xx_StdPeriph_Driver\src\stm32f4xx_spi.o
SVC_Handler                                       src\stm32f4xx_it.o
                                                  src\startup_stm32f411xe.o
SYSCFG_CompensationCellCmd                        Drivers\STM32F4xx_StdPeriph_Driver\src\stm32f4xx_syscfg.o
SYSCFG_DeInit                                     Drivers\STM32F4xx_StdPeriph_Driver\src\stm32f4xx_syscfg.o
SYSCFG_ETH_MediaInterfaceConfig                   Drivers\STM32F4xx_StdPeriph_Driver\src\stm32f4xx_syscfg.o
SYSCFG_EXTILineConfig                             Drivers\STM32F4xx_StdPeriph_Driver\src\stm32f4xx_syscfg.o
SYSCFG_GetCompensationCellStatus                  Drivers\STM32F4xx_StdPeriph_Driver\src\stm32f4xx_syscfg.o
SYSCFG_MemoryRemapConfig                          Drivers\STM32F4xx_StdPeriph_Driver\src\stm32f4xx_syscfg.o
SYSCFG_MemorySwappingBank                         Drivers\STM32F4xx_StdPeriph_Driver\src\stm32f4xx_syscfg.o
SysTick_CLKSourceConfig                           Drivers\STM32F4xx_StdPeriph_Driver\src\misc.o
SysTick_Handler                                   src\stm32f4xx_it.o
                                                  src\startup_stm32f411xe.o
SystemCoreClock                                   src\system_stm32f4xx.o
SystemCoreClockUpdate                             src\system_stm32f4xx.o
SystemInit                                        src\system_stm32f4xx.o
                                                  src\startup_stm32f411xe.o
TAMP_STAMP_IRQHandler                             src\startup_stm32f411xe.o
TIM1_BRK_TIM9_IRQHandler                          src\startup_stm32f411xe.o
TIM1_CC_IRQHandler                                src\startup_stm32f411xe.o
TIM1_TRG_COM_TIM11_IRQHandler                     src\startup_stm32f411xe.o
TIM1_UP_TIM10_IRQHandler                          src\startup_stm32f411xe.o
TIM2_IRQHandler                                   src\startup_stm32f411xe.o
TIM3_IRQHandler                                   src\startup_stm32f411xe.o
TIM4_IRQHandler                                   src\startup_stm32f411xe.o
TIM5_IRQHandler                                   src\startup_stm32f411xe.o
TIM_ARRPreloadConfig                              Drivers\STM32F4xx_StdPeriph_Driver\src\stm32f4xx_tim.o
TIM_BDTRConfig                                    Drivers\STM32F4xx_StdPeriph_Driver\src\stm32f4xx_tim.o
TIM_BDTRStructInit                                Drivers\STM32F4xx_StdPeriph_Driver\src\stm32f4xx_tim.o
TIM_CCPreloadControl                              Drivers\STM32F4xx_StdPeriph_Driver\src\stm32f4xx_tim.o
TIM_CCxCmd                                        Drivers\STM32F4xx_StdPeriph_Driver\src\stm32f4xx_tim.o
TIM_CCxNCmd                                       Drivers\STM32F4xx_StdPeriph_Driver\src\stm32f4xx_tim.o
TIM_ClearFlag                                     Drivers\STM32F4xx_StdPeriph_Driver\src\stm32f4xx_tim.o